22:07:54 **** Incremental Build of configuration Release for project blinker03 ****
make all 
Building file: ../_vectors.S
Invoking: ARM Yagarto Windows GCC Assembler
arm-none-eabi-gcc -x assembler-with-cpp -Wall -Wa,-adhlns="_vectors.o.lst" -v -c -fmessage-length=0 -MMD -MP -MF"_vectors.d" -MT"_vectors.d" -mcpu=arm1176jzf-s -o "_vectors.o" "../_vectors.S"
Using built-in specs.
COLLECT_GCC=c:\yagarto-20121222\bin\arm-none-eabi-gcc.exe
Target: arm-none-eabi
Configured with: ../gcc-4.7.2/configure --target=arm-none-eabi --prefix=/home/yagarto/install --disable-shared --disable-nls --disable-threads --disable-libssp --disable-libstdcxx-pch --disable-libmudflap --disable-libgomp -v --enable-languages=c,c++ --enable-interwork --enable-multilib --with-gcc --with-gnu-ld --with-gnu-as --with-dwarf2 --with-newlib --with-headers=../newlib-1.20.0/newlib/libc/include --with-mpc=/home/yagarto/addontools --with-mpfr=/home/yagarto/addontools --with-gmp=/home/yagarto/addontools
Thread model: single
gcc version 4.7.2 (GCC) 
COLLECT_GCC_OPTIONS='-Wall' '-v' '-c' '-fmessage-length=0' '-MMD' '-MP' '-MF' '_vectors.d' '-MT' '_vectors.d' '-mcpu=arm1176jzf-s' '-o' '_vectors.o'
 c:/yagarto-20121222/bin/../libexec/gcc/arm-none-eabi/4.7.2/cc1.exe -E -lang-asm -quiet -v -iprefix c:\yagarto-20121222\bin\../lib/gcc/arm-none-eabi/4.7.2/ -MMD _vectors.d -MF _vectors.d -MP -MT _vectors.d -D__USES_INITFINI__ ../_vectors.S -mcpu=arm1176jzf-s -Wall -fmessage-length=0 -fno-directives-only -o C:\Temp\ccglwA9e.s
ignoring duplicate directory "c:/yagarto-20121222/lib/gcc/../../lib/gcc/arm-none-eabi/4.7.2/include"
ignoring duplicate directory "c:/yagarto-20121222/lib/gcc/../../lib/gcc/arm-none-eabi/4.7.2/include-fixed"
#include "..." search starts here:
#include <...> search starts here:
 c:\yagarto-20121222\bin\../lib/gcc/arm-none-eabi/4.7.2/include
 c:\yagarto-20121222\bin\../lib/gcc/arm-none-eabi/4.7.2/include-fixed
 c:/yagarto-20121222/lib/gcc/../../arm-none-eabi/sys-include
 c:/yagarto-20121222/lib/gcc/../../arm-none-eabi/include
End of search list.
COLLECT_GCC_OPTIONS='-Wall' '-v' '-c' '-fmessage-length=0' '-MMD' '-MP' '-MF' '_vectors.d' '-MT' '_vectors.d' '-mcpu=arm1176jzf-s' '-o' '_vectors.o'
 c:/yagarto-20121222/bin/../lib/gcc/arm-none-eabi/4.7.2/../../../../arm-none-eabi/bin/as.exe -v -mcpu=arm1176jzf-s -meabi=5 -adhlns=_vectors.o.lst -o _vectors.o C:\Temp\ccglwA9e.s
Finished building: ../_vectors.S
GNU assembler version 2.23.1 (arm-none-eabi) using BFD version (GNU Binutils) 2.23.1
 
COMPILER_PATH=c:/yagarto-20121222/bin/../libexec/gcc/arm-none-eabi/4.7.2/;c:/yagarto-20121222/bin/../libexec/gcc/;c:/yagarto-20121222/bin/../lib/gcc/arm-none-eabi/4.7.2/../../../../arm-none-eabi/bin/
LIBRARY_PATH=c:/yagarto-20121222/bin/../lib/gcc/arm-none-eabi/4.7.2/;c:/yagarto-20121222/bin/../lib/gcc/;c:/yagarto-20121222/bin/../lib/gcc/arm-none-eabi/4.7.2/../../../../arm-none-eabi/lib/
COLLECT_GCC_OPTIONS='-Wall' '-v' '-c' '-fmessage-length=0' '-MMD' '-MP' '-MF' '_vectors.d' '-MT' '_vectors.d' '-mcpu=arm1176jzf-s' '-o' '_vectors.o'
Building file: ../blinker03.c
Invoking: ARM Yagarto Windows GCC C Compiler
arm-none-eabi-gcc -Os -Wall -Wa,-adhlns="blinker03.o.lst" -v -c -fmessage-length=0 -MMD -MP -MF"blinker03.d" -MT"blinker03.d" -mcpu=arm1176jzf-s -o "blinker03.o" "../blinker03.c"
Using built-in specs.
COLLECT_GCC=c:\yagarto-20121222\bin\arm-none-eabi-gcc.exe
Target: arm-none-eabi
Configured with: ../gcc-4.7.2/configure --target=arm-none-eabi --prefix=/home/yagarto/install --disable-shared --disable-nls --disable-threads --disable-libssp --disable-libstdcxx-pch --disable-libmudflap --disable-libgomp -v --enable-languages=c,c++ --enable-interwork --enable-multilib --with-gcc --with-gnu-ld --with-gnu-as --with-dwarf2 --with-newlib --with-headers=../newlib-1.20.0/newlib/libc/include --with-mpc=/home/yagarto/addontools --with-mpfr=/home/yagarto/addontools --with-gmp=/home/yagarto/addontools
Thread model: single
gcc version 4.7.2 (GCC) 
COLLECT_GCC_OPTIONS='-Os' '-Wall' '-v' '-c' '-fmessage-length=0' '-MMD' '-MP' '-MF' 'blinker03.d' '-MT' 'blinker03.d' '-mcpu=arm1176jzf-s' '-o' 'blinker03.o'
 c:/yagarto-20121222/bin/../libexec/gcc/arm-none-eabi/4.7.2/cc1.exe -quiet -v -iprefix c:\yagarto-20121222\bin\../lib/gcc/arm-none-eabi/4.7.2/ -MMD blinker03.d -MF blinker03.d -MP -MT blinker03.d -D__USES_INITFINI__ ../blinker03.c -quiet -dumpbase blinker03.c -mcpu=arm1176jzf-s -auxbase-strip blinker03.o -Os -Wall -version -fmessage-length=0 -o C:\Temp\cchL6dnB.s
GNU C (GCC) version 4.7.2 (arm-none-eabi)
	compiled by GNU C version 3.4.5 (mingw-vista special r3), GMP version 5.0.4, MPFR version 2.4.2, MPC version 0.8.1
GGC heuristics: --param ggc-min-expand=100 --param ggc-min-heapsize=131072
ignoring duplicate directory "c:/yagarto-20121222/lib/gcc/../../lib/gcc/arm-none-eabi/4.7.2/include"
ignoring duplicate directory "c:/yagarto-20121222/lib/gcc/../../lib/gcc/arm-none-eabi/4.7.2/include-fixed"
#include "..." search starts here:
#include <...> search starts here:
 c:\yagarto-20121222\bin\../lib/gcc/arm-none-eabi/4.7.2/include
 c:\yagarto-20121222\bin\../lib/gcc/arm-none-eabi/4.7.2/include-fixed
 c:/yagarto-20121222/lib/gcc/../../arm-none-eabi/sys-include
 c:/yagarto-20121222/lib/gcc/../../arm-none-eabi/include
End of search list.
GNU C (GCC) version 4.7.2 (arm-none-eabi)
	compiled by GNU C version 3.4.5 (mingw-vista special r3), GMP version 5.0.4, MPFR version 2.4.2, MPC version 0.8.1
GGC heuristics: --param ggc-min-expand=100 --param ggc-min-heapsize=131072
Compiler executable checksum: 43a4e0ba549537502d3fc875bfbb9ed3
COLLECT_GCC_OPTIONS='-Os' '-Wall' '-v' '-c' '-fmessage-length=0' '-MMD' '-MP' '-MF' 'blinker03.d' '-MT' 'blinker03.d' '-mcpu=arm1176jzf-s' '-o' 'blinker03.o'
Finished building: ../blinker03.c
 c:/yagarto-20121222/bin/../lib/gcc/arm-none-eabi/4.7.2/../../../../arm-none-eabi/bin/as.exe -v -mcpu=arm1176jzf-s -meabi=5 -adhlns=blinker03.o.lst -o blinker03.o C:\Temp\cchL6dnB.s
 
GNU assembler version 2.23.1 (arm-none-eabi) using BFD version (GNU Binutils) 2.23.1
COMPILER_PATH=c:/yagarto-20121222/bin/../libexec/gcc/arm-none-eabi/4.7.2/;c:/yagarto-20121222/bin/../libexec/gcc/;c:/yagarto-20121222/bin/../lib/gcc/arm-none-eabi/4.7.2/../../../../arm-none-eabi/bin/
Building target: blinker03.elf
LIBRARY_PATH=c:/yagarto-20121222/bin/../lib/gcc/arm-none-eabi/4.7.2/;c:/yagarto-20121222/bin/../lib/gcc/;c:/yagarto-20121222/bin/../lib/gcc/arm-none-eabi/4.7.2/../../../../arm-none-eabi/lib/
Invoking: ARM Yagarto Windows GCC C Linker
COLLECT_GCC_OPTIONS='-Os' '-Wall' '-v' '-c' '-fmessage-length=0' '-MMD' '-MP' '-MF' 'blinker03.d' '-MT' 'blinker03.d' '-mcpu=arm1176jzf-s' '-o' 'blinker03.o'
arm-none-eabi-gcc -T"../memmap" -nostartfiles -nodefaultlibs -nostdlib -Wl,-Map,blinker03.map -v -mcpu=arm1176jzf-s -o "blinker03.elf"  ./_vectors.o ./blinker03.o   
Using built-in specs.
COLLECT_GCC=c:\yagarto-20121222\bin\arm-none-eabi-gcc.exe
COLLECT_LTO_WRAPPER=c:/yagarto-20121222/bin/../libexec/gcc/arm-none-eabi/4.7.2/lto-wrapper.exe
Target: arm-none-eabi
Configured with: ../gcc-4.7.2/configure --target=arm-none-eabi --prefix=/home/yagarto/install --disable-shared --disable-nls --disable-threads --disable-libssp --disable-libstdcxx-pch --disable-libmudflap --disable-libgomp -v --enable-languages=c,c++ --enable-interwork --enable-multilib --with-gcc --with-gnu-ld --with-gnu-as --with-dwarf2 --with-newlib --with-headers=../newlib-1.20.0/newlib/libc/include --with-mpc=/home/yagarto/addontools --with-mpfr=/home/yagarto/addontools --with-gmp=/home/yagarto/addontools
Finished building target: blinker03.elf
Thread model: single
 
gcc version 4.7.2 (GCC) 
Invoking: ARM Yagarto Windows GNU Create Flash Image
COMPILER_PATH=c:/yagarto-20121222/bin/../libexec/gcc/arm-none-eabi/4.7.2/;c:/yagarto-20121222/bin/../libexec/gcc/;c:/yagarto-20121222/bin/../lib/gcc/arm-none-eabi/4.7.2/../../../../arm-none-eabi/bin/
arm-none-eabi-objcopy -O binary blinker03.elf  "blinker03.hex"
Finished building: blinker03.hex
 
Invoking: ARM Yagarto Windows GNU Create Listing
arm-none-eabi-objdump -h -S blinker03.elf > "blinker03.lst"
LIBRARY_PATH=c:/yagarto-20121222/bin/../lib/gcc/arm-none-eabi/4.7.2/;c:/yagarto-20121222/bin/../lib/gcc/;c:/yagarto-20121222/bin/../lib/gcc/arm-none-eabi/4.7.2/../../../../arm-none-eabi/lib/
COLLECT_GCC_OPTIONS='-T' '../memmap' '-nostartfiles' '-nodefaultlibs' '-nostdlib' '-v' '-mcpu=arm1176jzf-s' '-o' 'blinker03.elf'
Finished building: blinker03.lst
 c:/yagarto-20121222/bin/../libexec/gcc/arm-none-eabi/4.7.2/collect2.exe -X -o blinker03.elf -Lc:/yagarto-20121222/bin/../lib/gcc/arm-none-eabi/4.7.2 -Lc:/yagarto-20121222/bin/../lib/gcc -Lc:/yagarto-20121222/bin/../lib/gcc/arm-none-eabi/4.7.2/../../../../arm-none-eabi/lib -Map blinker03.map ./_vectors.o ./blinker03.o -T ../memmap
 
Invoking: ARM Yagarto Windows GNU Print Size
arm-none-eabi-size  --format=berkeley blinker03.elf
   text	   data	    bss	    dec	    hex	filename
    212	      0	      0	    212	     d4	blinker03.elf
Finished building: blinker03.siz
 

22:07:58 Build Finished (took 3s.794ms)

