21:50:00 **** Incremental Build of configuration Release for project blinker02 ****
make all 
Building file: ../_vectors.S
Invoking: ARM Yagarto Windows GCC Assembler
arm-none-eabi-gcc -x assembler-with-cpp -Wall -Wa,-adhlns="_vectors.o.lst" -v -c -fmessage-length=0 -MMD -MP -MF"_vectors.d" -MT"_vectors.d" -mcpu=arm1176jzf-s -o "_vectors.o" "../_vectors.S"
Using built-in specs.
COLLECT_GCC=c:\yagarto-20121222\bin\arm-none-eabi-gcc.exe
Target: arm-none-eabi
Configured with: ../gcc-4.7.2/configure --target=arm-none-eabi --prefix=/home/yagarto/install --disable-shared --disable-nls --disable-threads --disable-libssp --disable-libstdcxx-pch --disable-libmudflap --disable-libgomp -v --enable-languages=c,c++ --enable-interwork --enable-multilib --with-gcc --with-gnu-ld --with-gnu-as --with-dwarf2 --with-newlib --with-headers=../newlib-1.20.0/newlib/libc/include --with-mpc=/home/yagarto/addontools --with-mpfr=/home/yagarto/addontools --with-gmp=/home/yagarto/addontools
Thread model: single
gcc version 4.7.2 (GCC) 
COLLECT_GCC_OPTIONS='-Wall' '-v' '-c' '-fmessage-length=0' '-MMD' '-MP' '-MF' '_vectors.d' '-MT' '_vectors.d' '-mcpu=arm1176jzf-s' '-o' '_vectors.o'
 c:/yagarto-20121222/bin/../libexec/gcc/arm-none-eabi/4.7.2/cc1.exe -E -lang-asm -quiet -v -iprefix c:\yagarto-20121222\bin\../lib/gcc/arm-none-eabi/4.7.2/ -MMD _vectors.d -MF _vectors.d -MP -MT _vectors.d -D__USES_INITFINI__ ../_vectors.S -mcpu=arm1176jzf-s -Wall -fmessage-length=0 -fno-directives-only -o C:\Temp\ccj4rCIj.s
ignoring duplicate directory "c:/yagarto-20121222/lib/gcc/../../lib/gcc/arm-none-eabi/4.7.2/include"
ignoring duplicate directory "c:/yagarto-20121222/lib/gcc/../../lib/gcc/arm-none-eabi/4.7.2/include-fixed"
#include "..." search starts here:
#include <...> search starts here:
 c:\yagarto-20121222\bin\../lib/gcc/arm-none-eabi/4.7.2/include
 c:\yagarto-20121222\bin\../lib/gcc/arm-none-eabi/4.7.2/include-fixed
 c:/yagarto-20121222/lib/gcc/../../arm-none-eabi/sys-include
 c:/yagarto-20121222/lib/gcc/../../arm-none-eabi/include
End of search list.
COLLECT_GCC_OPTIONS='-Wall' '-v' '-c' '-fmessage-length=0' '-MMD' '-MP' '-MF' '_vectors.d' '-MT' '_vectors.d' '-mcpu=arm1176jzf-s' '-o' '_vectors.o'
 c:/yagarto-20121222/bin/../lib/gcc/arm-none-eabi/4.7.2/../../../../arm-none-eabi/bin/as.exe -v -mcpu=arm1176jzf-s -meabi=5 -adhlns=_vectors.o.lst -o _vectors.o C:\Temp\ccj4rCIj.s
Finished building: ../_vectors.S
GNU assembler version 2.23.1 (arm-none-eabi) using BFD version (GNU Binutils) 2.23.1
COMPILER_PATH=c:/yagarto-20121222/bin/../libexec/gcc/arm-none-eabi/4.7.2/;c:/yagarto-20121222/bin/../libexec/gcc/;c:/yagarto-20121222/bin/../lib/gcc/arm-none-eabi/4.7.2/../../../../arm-none-eabi/bin/
 
LIBRARY_PATH=c:/yagarto-20121222/bin/../lib/gcc/arm-none-eabi/4.7.2/;c:/yagarto-20121222/bin/../lib/gcc/;c:/yagarto-20121222/bin/../lib/gcc/arm-none-eabi/4.7.2/../../../../arm-none-eabi/lib/
Building file: ../blinker02.c
COLLECT_GCC_OPTIONS='-Wall' '-v' '-c' '-fmessage-length=0' '-MMD' '-MP' '-MF' '_vectors.d' '-MT' '_vectors.d' '-mcpu=arm1176jzf-s' '-o' '_vectors.o'
Invoking: ARM Yagarto Windows GCC C Compiler
arm-none-eabi-gcc -O3 -Wall -Wa,-adhlns="blinker02.o.lst" -v -c -fmessage-length=0 -MMD -MP -MF"blinker02.d" -MT"blinker02.d" -mcpu=arm1176jzf-s -o "blinker02.o" "../blinker02.c"
Using built-in specs.
COLLECT_GCC=c:\yagarto-20121222\bin\arm-none-eabi-gcc.exe
Target: arm-none-eabi
Configured with: ../gcc-4.7.2/configure --target=arm-none-eabi --prefix=/home/yagarto/install --disable-shared --disable-nls --disable-threads --disable-libssp --disable-libstdcxx-pch --disable-libmudflap --disable-libgomp -v --enable-languages=c,c++ --enable-interwork --enable-multilib --with-gcc --with-gnu-ld --with-gnu-as --with-dwarf2 --with-newlib --with-headers=../newlib-1.20.0/newlib/libc/include --with-mpc=/home/yagarto/addontools --with-mpfr=/home/yagarto/addontools --with-gmp=/home/yagarto/addontools
Thread model: single
gcc version 4.7.2 (GCC) 
COLLECT_GCC_OPTIONS='-O3' '-Wall' '-v' '-c' '-fmessage-length=0' '-MMD' '-MP' '-MF' 'blinker02.d' '-MT' 'blinker02.d' '-mcpu=arm1176jzf-s' '-o' 'blinker02.o'
 c:/yagarto-20121222/bin/../libexec/gcc/arm-none-eabi/4.7.2/cc1.exe -quiet -v -iprefix c:\yagarto-20121222\bin\../lib/gcc/arm-none-eabi/4.7.2/ -MMD blinker02.d -MF blinker02.d -MP -MT blinker02.d -D__USES_INITFINI__ ../blinker02.c -quiet -dumpbase blinker02.c -mcpu=arm1176jzf-s -auxbase-strip blinker02.o -O3 -Wall -version -fmessage-length=0 -o C:\Temp\ccJ1db5M.s
GNU C (GCC) version 4.7.2 (arm-none-eabi)
	compiled by GNU C version 3.4.5 (mingw-vista special r3), GMP version 5.0.4, MPFR version 2.4.2, MPC version 0.8.1
GGC heuristics: --param ggc-min-expand=100 --param ggc-min-heapsize=131072
ignoring duplicate directory "c:/yagarto-20121222/lib/gcc/../../lib/gcc/arm-none-eabi/4.7.2/include"
ignoring duplicate directory "c:/yagarto-20121222/lib/gcc/../../lib/gcc/arm-none-eabi/4.7.2/include-fixed"
#include "..." search starts here:
#include <...> search starts here:
 c:\yagarto-20121222\bin\../lib/gcc/arm-none-eabi/4.7.2/include
 c:\yagarto-20121222\bin\../lib/gcc/arm-none-eabi/4.7.2/include-fixed
 c:/yagarto-20121222/lib/gcc/../../arm-none-eabi/sys-include
 c:/yagarto-20121222/lib/gcc/../../arm-none-eabi/include
End of search list.
GNU C (GCC) version 4.7.2 (arm-none-eabi)
	compiled by GNU C version 3.4.5 (mingw-vista special r3), GMP version 5.0.4, MPFR version 2.4.2, MPC version 0.8.1
GGC heuristics: --param ggc-min-expand=100 --param ggc-min-heapsize=131072
Compiler executable checksum: 43a4e0ba549537502d3fc875bfbb9ed3
COLLECT_GCC_OPTIONS='-O3' '-Wall' '-v' '-c' '-fmessage-length=0' '-MMD' '-MP' '-MF' 'blinker02.d' '-MT' 'blinker02.d' '-mcpu=arm1176jzf-s' '-o' 'blinker02.o'
 c:/yagarto-20121222/bin/../lib/gcc/arm-none-eabi/4.7.2/../../../../arm-none-eabi/bin/as.exe -v -mcpu=arm1176jzf-s -meabi=5 -adhlns=blinker02.o.lst -o blinker02.o C:\Temp\ccJ1db5M.s
Finished building: ../blinker02.c
GNU assembler version 2.23.1 (arm-none-eabi) using BFD version (GNU Binutils) 2.23.1
 
COMPILER_PATH=c:/yagarto-20121222/bin/../libexec/gcc/arm-none-eabi/4.7.2/;c:/yagarto-20121222/bin/../libexec/gcc/;c:/yagarto-20121222/bin/../lib/gcc/arm-none-eabi/4.7.2/../../../../arm-none-eabi/bin/
Building target: blinker02.elf
Invoking: ARM Yagarto Windows GCC C Linker
LIBRARY_PATH=c:/yagarto-20121222/bin/../lib/gcc/arm-none-eabi/4.7.2/;c:/yagarto-20121222/bin/../lib/gcc/;c:/yagarto-20121222/bin/../lib/gcc/arm-none-eabi/4.7.2/../../../../arm-none-eabi/lib/
arm-none-eabi-gcc -T"../memmap" -nostartfiles -nodefaultlibs -nostdlib -Wl,-Map,blinker02.map -Xlinker --cref -Xlinker --print-map -v -mcpu=arm1176jzf-s -o "blinker02.elf"  ./_vectors.o ./blinker02.o   
COLLECT_GCC_OPTIONS='-O3' '-Wall' '-v' '-c' '-fmessage-length=0' '-MMD' '-MP' '-MF' 'blinker02.d' '-MT' 'blinker02.d' '-mcpu=arm1176jzf-s' '-o' 'blinker02.o'
Using built-in specs.
COLLECT_GCC=c:\yagarto-20121222\bin\arm-none-eabi-gcc.exe
COLLECT_LTO_WRAPPER=c:/yagarto-20121222/bin/../libexec/gcc/arm-none-eabi/4.7.2/lto-wrapper.exe
Target: arm-none-eabi
Configured with: ../gcc-4.7.2/configure --target=arm-none-eabi --prefix=/home/yagarto/install --disable-shared --disable-nls --disable-threads --disable-libssp --disable-libstdcxx-pch --disable-libmudflap --disable-libgomp -v --enable-languages=c,c++ --enable-interwork --enable-multilib --with-gcc --with-gnu-ld --with-gnu-as --with-dwarf2 --with-newlib --with-headers=../newlib-1.20.0/newlib/libc/include --with-mpc=/home/yagarto/addontools --with-mpfr=/home/yagarto/addontools --with-gmp=/home/yagarto/addontools

Thread model: single
Memory Configuration
gcc version 4.7.2 (GCC) 

COMPILER_PATH=c:/yagarto-20121222/bin/../libexec/gcc/arm-none-eabi/4.7.2/;c:/yagarto-20121222/bin/../libexec/gcc/;c:/yagarto-20121222/bin/../lib/gcc/arm-none-eabi/4.7.2/../../../../arm-none-eabi/bin/
Name             Origin             Length             Attributes
LIBRARY_PATH=c:/yagarto-20121222/bin/../lib/gcc/arm-none-eabi/4.7.2/;c:/yagarto-20121222/bin/../lib/gcc/;c:/yagarto-20121222/bin/../lib/gcc/arm-none-eabi/4.7.2/../../../../arm-none-eabi/lib/
ram              0x00008000         0x00001000
COLLECT_GCC_OPTIONS='-T' '../memmap' '-nostartfiles' '-nodefaultlibs' '-nostdlib' '-v' '-mcpu=arm1176jzf-s' '-o' 'blinker02.elf'
*default*        0x00000000         0xffffffff
 c:/yagarto-20121222/bin/../libexec/gcc/arm-none-eabi/4.7.2/collect2.exe -X -o blinker02.elf -Lc:/yagarto-20121222/bin/../lib/gcc/arm-none-eabi/4.7.2 -Lc:/yagarto-20121222/bin/../lib/gcc -Lc:/yagarto-20121222/bin/../lib/gcc/arm-none-eabi/4.7.2/../../../../arm-none-eabi/lib -Map blinker02.map --cref --print-map ./_vectors.o ./blinker02.o -T ../memmap

Linker script and memory map

LOAD ./_vectors.o
LOAD ./blinker02.o

.text           0x00008000       0x88
 *(.text*)
 .text          0x00008000       0x20 ./_vectors.o
                0x00008000                _start
                0x0000800c                PUT32
                0x00008014                GET32
                0x0000801c                dummy
 .text          0x00008020       0x68 ./blinker02.o
                0x00008020                notmain

.data           0x00008088        0x0
 .data          0x00008088        0x0 ./_vectors.o
 .data          0x00008088        0x0 ./blinker02.o

.igot.plt       0x00008088        0x0
 .igot.plt      0x00000000        0x0 ./_vectors.o

.glue_7         0x00008088        0x0
 .glue_7        0x00000000        0x0 linker stubs

.glue_7t        0x00008088        0x0
 .glue_7t       0x00000000        0x0 linker stubs

.vfp11_veneer   0x00008088        0x0
 .vfp11_veneer  0x00000000        0x0 linker stubs

.v4_bx          0x00008088        0x0
 .v4_bx         0x00000000        0x0 linker stubs

.iplt           0x00008088        0x0
 .iplt          0x00000000        0x0 ./_vectors.o

.rel.dyn        0x00008088        0x0
 .rel.iplt      0x00000000        0x0 ./_vectors.o

.bss            0x00008088        0x0
 *(.bss*)
 .bss           0x00008088        0x0 ./_vectors.o
 .bss           0x00008088        0x0 ./blinker02.o
OUTPUT(blinker02.elf elf32-littlearm)

.ARM.attributes
                0x00000000       0x34
 .ARM.attributes
                0x00000000       0x26 ./_vectors.o
 .ARM.attributes
                0x00000026       0x38 ./blinker02.o

.comment        0x00000000       0x11
 .comment       0x00000000       0x11 ./blinker02.o
                                 0x12 (size before relaxing)

Cross Reference Table

Symbol                                            File
GET32                                             ./_vectors.o
                                                  ./blinker02.o
PUT32                                             ./_vectors.o
                                                  ./blinker02.o
_start                                            ./_vectors.o
dummy                                             ./_vectors.o
notmain                                           ./blinker02.o
                                                  ./_vectors.o
Finished building target: blinker02.elf
 
Invoking: ARM Yagarto Windows GNU Create Flash Image
arm-none-eabi-objcopy -O binary blinker02.elf  "blinker02.hex"
Finished building: blinker02.hex
 
Invoking: ARM Yagarto Windows GNU Create Listing
arm-none-eabi-objdump -h -S blinker02.elf > "blinker02.lst"
Finished building: blinker02.lst
 
Invoking: ARM Yagarto Windows GNU Print Size
arm-none-eabi-size  --format=berkeley blinker02.elf
   text	   data	    bss	    dec	    hex	filename
    136	      0	      0	    136	     88	blinker02.elf
Finished building: blinker02.siz
 

21:50:02 Build Finished (took 1s.693ms)

