22:31:02 **** Incremental Build of configuration Release for project blinker06 ****
make all 
Building file: ../_vectors.S
Invoking: ARM Yagarto Windows GCC Assembler
arm-none-eabi-gcc -x assembler-with-cpp -Wall -Wa,-adhlns="_vectors.o.lst" -v -c -fmessage-length=0 -MMD -MP -MF"_vectors.d" -MT"_vectors.d" -mcpu=arm1176jzf-s -o "_vectors.o" "../_vectors.S"
Using built-in specs.
COLLECT_GCC=c:\yagarto-20121222\bin\arm-none-eabi-gcc.exe
Target: arm-none-eabi
Configured with: ../gcc-4.7.2/configure --target=arm-none-eabi --prefix=/home/yagarto/install --disable-shared --disable-nls --disable-threads --disable-libssp --disable-libstdcxx-pch --disable-libmudflap --disable-libgomp -v --enable-languages=c,c++ --enable-interwork --enable-multilib --with-gcc --with-gnu-ld --with-gnu-as --with-dwarf2 --with-newlib --with-headers=../newlib-1.20.0/newlib/libc/include --with-mpc=/home/yagarto/addontools --with-mpfr=/home/yagarto/addontools --with-gmp=/home/yagarto/addontools
Thread model: single
gcc version 4.7.2 (GCC) 
COLLECT_GCC_OPTIONS='-Wall' '-v' '-c' '-fmessage-length=0' '-MMD' '-MP' '-MF' '_vectors.d' '-MT' '_vectors.d' '-mcpu=arm1176jzf-s' '-o' '_vectors.o'
 c:/yagarto-20121222/bin/../libexec/gcc/arm-none-eabi/4.7.2/cc1.exe -E -lang-asm -quiet -v -iprefix c:\yagarto-20121222\bin\../lib/gcc/arm-none-eabi/4.7.2/ -MMD _vectors.d -MF _vectors.d -MP -MT _vectors.d -D__USES_INITFINI__ ../_vectors.S -mcpu=arm1176jzf-s -Wall -fmessage-length=0 -fno-directives-only -o C:\Temp\ccutSu0m.s
ignoring duplicate directory "c:/yagarto-20121222/lib/gcc/../../lib/gcc/arm-none-eabi/4.7.2/include"
ignoring duplicate directory "c:/yagarto-20121222/lib/gcc/../../lib/gcc/arm-none-eabi/4.7.2/include-fixed"
#include "..." search starts here:
#include <...> search starts here:
 c:\yagarto-20121222\bin\../lib/gcc/arm-none-eabi/4.7.2/include
 c:\yagarto-20121222\bin\../lib/gcc/arm-none-eabi/4.7.2/include-fixed
 c:/yagarto-20121222/lib/gcc/../../arm-none-eabi/sys-include
 c:/yagarto-20121222/lib/gcc/../../arm-none-eabi/include
End of search list.
COLLECT_GCC_OPTIONS='-Wall' '-v' '-c' '-fmessage-length=0' '-MMD' '-MP' '-MF' '_vectors.d' '-MT' '_vectors.d' '-mcpu=arm1176jzf-s' '-o' '_vectors.o'
 c:/yagarto-20121222/bin/../lib/gcc/arm-none-eabi/4.7.2/../../../../arm-none-eabi/bin/as.exe -v -mcpu=arm1176jzf-s -meabi=5 -adhlns=_vectors.o.lst -o _vectors.o C:\Temp\ccutSu0m.s
GNU assembler version 2.23.1 (arm-none-eabi) using BFD version (GNU Binutils) 2.23.1
COMPILER_PATH=c:/yagarto-20121222/bin/../libexec/gcc/arm-none-eabi/4.7.2/;c:/yagarto-20121222/bin/../libexec/gcc/;c:/yagarto-20121222/bin/../lib/gcc/arm-none-eabi/4.7.2/../../../../arm-none-eabi/bin/
LIBRARY_PATH=c:/yagarto-20121222/bin/../lib/gcc/arm-none-eabi/4.7.2/;c:/yagarto-20121222/bin/../lib/gcc/;c:/yagarto-20121222/bin/../lib/gcc/arm-none-eabi/4.7.2/../../../../arm-none-eabi/lib/
Finished building: ../_vectors.S
COLLECT_GCC_OPTIONS='-Wall' '-v' '-c' '-fmessage-length=0' '-MMD' '-MP' '-MF' '_vectors.d' '-MT' '_vectors.d' '-mcpu=arm1176jzf-s' '-o' '_vectors.o'
 
Building file: ../blinker06.c
Invoking: ARM Yagarto Windows GCC C Compiler
arm-none-eabi-gcc -Os -Wall -Wa,-adhlns="blinker06.o.lst" -v -c -fmessage-length=0 -MMD -MP -MF"blinker06.d" -MT"blinker06.d" -mcpu=arm1176jzf-s -o "blinker06.o" "../blinker06.c"
Using built-in specs.
COLLECT_GCC=c:\yagarto-20121222\bin\arm-none-eabi-gcc.exe
Target: arm-none-eabi
Configured with: ../gcc-4.7.2/configure --target=arm-none-eabi --prefix=/home/yagarto/install --disable-shared --disable-nls --disable-threads --disable-libssp --disable-libstdcxx-pch --disable-libmudflap --disable-libgomp -v --enable-languages=c,c++ --enable-interwork --enable-multilib --with-gcc --with-gnu-ld --with-gnu-as --with-dwarf2 --with-newlib --with-headers=../newlib-1.20.0/newlib/libc/include --with-mpc=/home/yagarto/addontools --with-mpfr=/home/yagarto/addontools --with-gmp=/home/yagarto/addontools
Thread model: single
gcc version 4.7.2 (GCC) 
COLLECT_GCC_OPTIONS='-Os' '-Wall' '-v' '-c' '-fmessage-length=0' '-MMD' '-MP' '-MF' 'blinker06.d' '-MT' 'blinker06.d' '-mcpu=arm1176jzf-s' '-o' 'blinker06.o'
 c:/yagarto-20121222/bin/../libexec/gcc/arm-none-eabi/4.7.2/cc1.exe -quiet -v -iprefix c:\yagarto-20121222\bin\../lib/gcc/arm-none-eabi/4.7.2/ -MMD blinker06.d -MF blinker06.d -MP -MT blinker06.d -D__USES_INITFINI__ ../blinker06.c -quiet -dumpbase blinker06.c -mcpu=arm1176jzf-s -auxbase-strip blinker06.o -Os -Wall -version -fmessage-length=0 -o C:\Temp\ccksF0bR.s
GNU C (GCC) version 4.7.2 (arm-none-eabi)
	compiled by GNU C version 3.4.5 (mingw-vista special r3), GMP version 5.0.4, MPFR version 2.4.2, MPC version 0.8.1
GGC heuristics: --param ggc-min-expand=100 --param ggc-min-heapsize=131072
ignoring duplicate directory "c:/yagarto-20121222/lib/gcc/../../lib/gcc/arm-none-eabi/4.7.2/include"
ignoring duplicate directory "c:/yagarto-20121222/lib/gcc/../../lib/gcc/arm-none-eabi/4.7.2/include-fixed"
#include "..." search starts here:
#include <...> search starts here:
 c:\yagarto-20121222\bin\../lib/gcc/arm-none-eabi/4.7.2/include
 c:\yagarto-20121222\bin\../lib/gcc/arm-none-eabi/4.7.2/include-fixed
 c:/yagarto-20121222/lib/gcc/../../arm-none-eabi/sys-include
 c:/yagarto-20121222/lib/gcc/../../arm-none-eabi/include
End of search list.
GNU C (GCC) version 4.7.2 (arm-none-eabi)
	compiled by GNU C version 3.4.5 (mingw-vista special r3), GMP version 5.0.4, MPFR version 2.4.2, MPC version 0.8.1
GGC heuristics: --param ggc-min-expand=100 --param ggc-min-heapsize=131072
Compiler executable checksum: 43a4e0ba549537502d3fc875bfbb9ed3
COLLECT_GCC_OPTIONS='-Os' '-Wall' '-v' '-c' '-fmessage-length=0' '-MMD' '-MP' '-MF' 'blinker06.d' '-MT' 'blinker06.d' '-mcpu=arm1176jzf-s' '-o' 'blinker06.o'
 c:/yagarto-20121222/bin/../lib/gcc/arm-none-eabi/4.7.2/../../../../arm-none-eabi/bin/as.exe -v -mcpu=arm1176jzf-s -meabi=5 -adhlns=blinker06.o.lst -o blinker06.o C:\Temp\ccksF0bR.s
GNU assembler version 2.23.1 (arm-none-eabi) using BFD version (GNU Binutils) 2.23.1
COMPILER_PATH=c:/yagarto-20121222/bin/../libexec/gcc/arm-none-eabi/4.7.2/;c:/yagarto-20121222/bin/../libexec/gcc/;c:/yagarto-20121222/bin/../lib/gcc/arm-none-eabi/4.7.2/../../../../arm-none-eabi/bin/
LIBRARY_PATH=c:/yagarto-20121222/bin/../lib/gcc/arm-none-eabi/4.7.2/;c:/yagarto-20121222/bin/../lib/gcc/;c:/yagarto-20121222/bin/../lib/gcc/arm-none-eabi/4.7.2/../../../../arm-none-eabi/lib/
Finished building: ../blinker06.c
COLLECT_GCC_OPTIONS='-Os' '-Wall' '-v' '-c' '-fmessage-length=0' '-MMD' '-MP' '-MF' 'blinker06.d' '-MT' 'blinker06.d' '-mcpu=arm1176jzf-s' '-o' 'blinker06.o'
 
Building file: ../periph.c
Invoking: ARM Yagarto Windows GCC C Compiler
arm-none-eabi-gcc -Os -Wall -Wa,-adhlns="periph.o.lst" -v -c -fmessage-length=0 -MMD -MP -MF"periph.d" -MT"periph.d" -mcpu=arm1176jzf-s -o "periph.o" "../periph.c"
Using built-in specs.
COLLECT_GCC=c:\yagarto-20121222\bin\arm-none-eabi-gcc.exe
Target: arm-none-eabi
Configured with: ../gcc-4.7.2/configure --target=arm-none-eabi --prefix=/home/yagarto/install --disable-shared --disable-nls --disable-threads --disable-libssp --disable-libstdcxx-pch --disable-libmudflap --disable-libgomp -v --enable-languages=c,c++ --enable-interwork --enable-multilib --with-gcc --with-gnu-ld --with-gnu-as --with-dwarf2 --with-newlib --with-headers=../newlib-1.20.0/newlib/libc/include --with-mpc=/home/yagarto/addontools --with-mpfr=/home/yagarto/addontools --with-gmp=/home/yagarto/addontools
Thread model: single
gcc version 4.7.2 (GCC) 
COLLECT_GCC_OPTIONS='-Os' '-Wall' '-v' '-c' '-fmessage-length=0' '-MMD' '-MP' '-MF' 'periph.d' '-MT' 'periph.d' '-mcpu=arm1176jzf-s' '-o' 'periph.o'
 c:/yagarto-20121222/bin/../libexec/gcc/arm-none-eabi/4.7.2/cc1.exe -quiet -v -iprefix c:\yagarto-20121222\bin\../lib/gcc/arm-none-eabi/4.7.2/ -MMD periph.d -MF periph.d -MP -MT periph.d -D__USES_INITFINI__ ../periph.c -quiet -dumpbase periph.c -mcpu=arm1176jzf-s -auxbase-strip periph.o -Os -Wall -version -fmessage-length=0 -o C:\Temp\ccRYyvqf.s
GNU C (GCC) version 4.7.2 (arm-none-eabi)
	compiled by GNU C version 3.4.5 (mingw-vista special r3), GMP version 5.0.4, MPFR version 2.4.2, MPC version 0.8.1
GGC heuristics: --param ggc-min-expand=100 --param ggc-min-heapsize=131072
ignoring duplicate directory "c:/yagarto-20121222/lib/gcc/../../lib/gcc/arm-none-eabi/4.7.2/include"
ignoring duplicate directory "c:/yagarto-20121222/lib/gcc/../../lib/gcc/arm-none-eabi/4.7.2/include-fixed"
#include "..." search starts here:
#include <...> search starts here:
 c:\yagarto-20121222\bin\../lib/gcc/arm-none-eabi/4.7.2/include
 c:\yagarto-20121222\bin\../lib/gcc/arm-none-eabi/4.7.2/include-fixed
 c:/yagarto-20121222/lib/gcc/../../arm-none-eabi/sys-include
 c:/yagarto-20121222/lib/gcc/../../arm-none-eabi/include
End of search list.
GNU C (GCC) version 4.7.2 (arm-none-eabi)
	compiled by GNU C version 3.4.5 (mingw-vista special r3), GMP version 5.0.4, MPFR version 2.4.2, MPC version 0.8.1
GGC heuristics: --param ggc-min-expand=100 --param ggc-min-heapsize=131072
Compiler executable checksum: 43a4e0ba549537502d3fc875bfbb9ed3
COLLECT_GCC_OPTIONS='-Os' '-Wall' '-v' '-c' '-fmessage-length=0' '-MMD' '-MP' '-MF' 'periph.d' '-MT' 'periph.d' '-mcpu=arm1176jzf-s' '-o' 'periph.o'
 c:/yagarto-20121222/bin/../lib/gcc/arm-none-eabi/4.7.2/../../../../arm-none-eabi/bin/as.exe -v -mcpu=arm1176jzf-s -meabi=5 -adhlns=periph.o.lst -o periph.o C:\Temp\ccRYyvqf.s
Finished building: ../periph.c
GNU assembler version 2.23.1 (arm-none-eabi) using BFD version (GNU Binutils) 2.23.1
COMPILER_PATH=c:/yagarto-20121222/bin/../libexec/gcc/arm-none-eabi/4.7.2/;c:/yagarto-20121222/bin/../libexec/gcc/;c:/yagarto-20121222/bin/../lib/gcc/arm-none-eabi/4.7.2/../../../../arm-none-eabi/bin/
 
LIBRARY_PATH=c:/yagarto-20121222/bin/../lib/gcc/arm-none-eabi/4.7.2/;c:/yagarto-20121222/bin/../lib/gcc/;c:/yagarto-20121222/bin/../lib/gcc/arm-none-eabi/4.7.2/../../../../arm-none-eabi/lib/
Building file: ../wdog.c
COLLECT_GCC_OPTIONS='-Os' '-Wall' '-v' '-c' '-fmessage-length=0' '-MMD' '-MP' '-MF' 'periph.d' '-MT' 'periph.d' '-mcpu=arm1176jzf-s' '-o' 'periph.o'
Invoking: ARM Yagarto Windows GCC C Compiler
arm-none-eabi-gcc -Os -Wall -Wa,-adhlns="wdog.o.lst" -v -c -fmessage-length=0 -MMD -MP -MF"wdog.d" -MT"wdog.d" -mcpu=arm1176jzf-s -o "wdog.o" "../wdog.c"
Using built-in specs.
COLLECT_GCC=c:\yagarto-20121222\bin\arm-none-eabi-gcc.exe
Target: arm-none-eabi
Configured with: ../gcc-4.7.2/configure --target=arm-none-eabi --prefix=/home/yagarto/install --disable-shared --disable-nls --disable-threads --disable-libssp --disable-libstdcxx-pch --disable-libmudflap --disable-libgomp -v --enable-languages=c,c++ --enable-interwork --enable-multilib --with-gcc --with-gnu-ld --with-gnu-as --with-dwarf2 --with-newlib --with-headers=../newlib-1.20.0/newlib/libc/include --with-mpc=/home/yagarto/addontools --with-mpfr=/home/yagarto/addontools --with-gmp=/home/yagarto/addontools
Thread model: single
gcc version 4.7.2 (GCC) 
COLLECT_GCC_OPTIONS='-Os' '-Wall' '-v' '-c' '-fmessage-length=0' '-MMD' '-MP' '-MF' 'wdog.d' '-MT' 'wdog.d' '-mcpu=arm1176jzf-s' '-o' 'wdog.o'
 c:/yagarto-20121222/bin/../libexec/gcc/arm-none-eabi/4.7.2/cc1.exe -quiet -v -iprefix c:\yagarto-20121222\bin\../lib/gcc/arm-none-eabi/4.7.2/ -MMD wdog.d -MF wdog.d -MP -MT wdog.d -D__USES_INITFINI__ ../wdog.c -quiet -dumpbase wdog.c -mcpu=arm1176jzf-s -auxbase-strip wdog.o -Os -Wall -version -fmessage-length=0 -o C:\Temp\cctoDY8M.s
GNU C (GCC) version 4.7.2 (arm-none-eabi)
	compiled by GNU C version 3.4.5 (mingw-vista special r3), GMP version 5.0.4, MPFR version 2.4.2, MPC version 0.8.1
GGC heuristics: --param ggc-min-expand=100 --param ggc-min-heapsize=131072
ignoring duplicate directory "c:/yagarto-20121222/lib/gcc/../../lib/gcc/arm-none-eabi/4.7.2/include"
ignoring duplicate directory "c:/yagarto-20121222/lib/gcc/../../lib/gcc/arm-none-eabi/4.7.2/include-fixed"
#include "..." search starts here:
#include <...> search starts here:
 c:\yagarto-20121222\bin\../lib/gcc/arm-none-eabi/4.7.2/include
 c:\yagarto-20121222\bin\../lib/gcc/arm-none-eabi/4.7.2/include-fixed
 c:/yagarto-20121222/lib/gcc/../../arm-none-eabi/sys-include
 c:/yagarto-20121222/lib/gcc/../../arm-none-eabi/include
End of search list.
GNU C (GCC) version 4.7.2 (arm-none-eabi)
	compiled by GNU C version 3.4.5 (mingw-vista special r3), GMP version 5.0.4, MPFR version 2.4.2, MPC version 0.8.1
GGC heuristics: --param ggc-min-expand=100 --param ggc-min-heapsize=131072
Compiler executable checksum: 43a4e0ba549537502d3fc875bfbb9ed3
COLLECT_GCC_OPTIONS='-Os' '-Wall' '-v' '-c' '-fmessage-length=0' '-MMD' '-MP' '-MF' 'wdog.d' '-MT' 'wdog.d' '-mcpu=arm1176jzf-s' '-o' 'wdog.o'
 c:/yagarto-20121222/bin/../lib/gcc/arm-none-eabi/4.7.2/../../../../arm-none-eabi/bin/as.exe -v -mcpu=arm1176jzf-s -meabi=5 -adhlns=wdog.o.lst -o wdog.o C:\Temp\cctoDY8M.s
GNU assembler version 2.23.1 (arm-none-eabi) using BFD version (GNU Binutils) 2.23.1
COMPILER_PATH=c:/yagarto-20121222/bin/../libexec/gcc/arm-none-eabi/4.7.2/;c:/yagarto-20121222/bin/../libexec/gcc/;c:/yagarto-20121222/bin/../lib/gcc/arm-none-eabi/4.7.2/../../../../arm-none-eabi/bin/
LIBRARY_PATH=c:/yagarto-20121222/bin/../lib/gcc/arm-none-eabi/4.7.2/;c:/yagarto-20121222/bin/../lib/gcc/;c:/yagarto-20121222/bin/../lib/gcc/arm-none-eabi/4.7.2/../../../../arm-none-eabi/lib/
Finished building: ../wdog.c
COLLECT_GCC_OPTIONS='-Os' '-Wall' '-v' '-c' '-fmessage-length=0' '-MMD' '-MP' '-MF' 'wdog.d' '-MT' 'wdog.d' '-mcpu=arm1176jzf-s' '-o' 'wdog.o'
 
Building target: blinker06.elf
Invoking: ARM Yagarto Windows GCC C Linker
arm-none-eabi-gcc -T"../memmap" -nostartfiles -nodefaultlibs -nostdlib -Wl,-Map,blinker06.map -Xlinker --cref -Xlinker --print-map -v -mcpu=arm1176jzf-s -o "blinker06.elf"  ./_vectors.o ./blinker06.o ./periph.o ./wdog.o   
Using built-in specs.
COLLECT_GCC=c:\yagarto-20121222\bin\arm-none-eabi-gcc.exe
COLLECT_LTO_WRAPPER=c:/yagarto-20121222/bin/../libexec/gcc/arm-none-eabi/4.7.2/lto-wrapper.exe
Target: arm-none-eabi
Configured with: ../gcc-4.7.2/configure --target=arm-none-eabi --prefix=/home/yagarto/install --disable-shared --disable-nls --disable-threads --disable-libssp --disable-libstdcxx-pch --disable-libmudflap --disable-libgomp -v --enable-languages=c,c++ --enable-interwork --enable-multilib --with-gcc --with-gnu-ld --with-gnu-as --with-dwarf2 --with-newlib --with-headers=../newlib-1.20.0/newlib/libc/include --with-mpc=/home/yagarto/addontools --with-mpfr=/home/yagarto/addontools --with-gmp=/home/yagarto/addontools

Allocating common symbols
Common symbol       size              file

Thread model: single
ledstate            0x4               ./periph.o
gcc version 4.7.2 (GCC) 
COMPILER_PATH=c:/yagarto-20121222/bin/../libexec/gcc/arm-none-eabi/4.7.2/;c:/yagarto-20121222/bin/../libexec/gcc/;c:/yagarto-20121222/bin/../lib/gcc/arm-none-eabi/4.7.2/../../../../arm-none-eabi/bin/

Memory Configuration

Name             Origin             Length             Attributes
LIBRARY_PATH=c:/yagarto-20121222/bin/../lib/gcc/arm-none-eabi/4.7.2/;c:/yagarto-20121222/bin/../lib/gcc/;c:/yagarto-20121222/bin/../lib/gcc/arm-none-eabi/4.7.2/../../../../arm-none-eabi/lib/
COLLECT_GCC_OPTIONS='-T' '../memmap' '-nostartfiles' '-nodefaultlibs' '-nostdlib' '-v' '-mcpu=arm1176jzf-s' '-o' 'blinker06.elf'
ram              0x00008000         0x00001000
 c:/yagarto-20121222/bin/../libexec/gcc/arm-none-eabi/4.7.2/collect2.exe -X -o blinker06.elf -Lc:/yagarto-20121222/bin/../lib/gcc/arm-none-eabi/4.7.2 -Lc:/yagarto-20121222/bin/../lib/gcc -Lc:/yagarto-20121222/bin/../lib/gcc/arm-none-eabi/4.7.2/../../../../arm-none-eabi/lib -Map blinker06.map --cref --print-map ./_vectors.o ./blinker06.o ./periph.o ./wdog.o -T ../memmap
*default*        0x00000000         0xffffffff

Linker script and memory map

LOAD ./_vectors.o
LOAD ./blinker06.o
LOAD ./periph.o
LOAD ./wdog.o

.text           0x00008000      0x308
 *(.text*)
 .text          0x00008000       0x24 ./_vectors.o
                0x00008000                _start
                0x00008010                PUT32
                0x00008018                GET32
                0x00008020                dummy
 .text          0x00008024       0x30 ./blinker06.o
                0x00008024                notmain
 .text          0x00008054      0x238 ./periph.o
                0x00008054                uart_putc
                0x00008084                hexstrings
                0x000080c0                hexstring
                0x000080dc                uart_init
                0x000081ec                init_timer
                0x00008214                timer_tick
                0x00008220                toggle_led
                0x00008250                init_led
 .text          0x0000828c       0x7c ./wdog.o
                0x0000828c                wdog_start
                0x000082d8                wdog_stop
                0x000082ec                wdog_get_remaining

.data           0x00008308        0x0
 .data          0x00008308        0x0 ./_vectors.o
 .data          0x00008308        0x0 ./blinker06.o
 .data          0x00008308        0x0 ./periph.o
 .data          0x00008308        0x0 ./wdog.o

.igot.plt       0x00008308        0x0
 .igot.plt      0x00000000        0x0 ./_vectors.o

.glue_7         0x00008308        0x0
 .glue_7        0x00000000        0x0 linker stubs

.glue_7t        0x00008308        0x0
 .glue_7t       0x00000000        0x0 linker stubs

.vfp11_veneer   0x00008308        0x0
 .vfp11_veneer  0x00000000        0x0 linker stubs

.v4_bx          0x00008308        0x0
 .v4_bx         0x00000000        0x0 linker stubs

.iplt           0x00008308        0x0
 .iplt          0x00000000        0x0 ./_vectors.o

.rel.dyn        0x00008308        0x0
 .rel.iplt      0x00000000        0x0 ./_vectors.o

.bss            0x00008308        0x4
 *(.bss*)
 .bss           0x00008308        0x0 ./_vectors.o
 .bss           0x00008308        0x0 ./blinker06.o
 .bss           0x00008308        0x0 ./periph.o
 .bss           0x00008308        0x0 ./wdog.o
 COMMON         0x00008308        0x4 ./periph.o
                0x00008308                ledstate
OUTPUT(blinker06.elf elf32-littlearm)

.ARM.attributes
                0x00000000       0x34
 .ARM.attributes
                0x00000000       0x26 ./_vectors.o
 .ARM.attributes
                0x00000026       0x38 ./blinker06.o
 .ARM.attributes
                0x0000005e       0x38 ./periph.o
 .ARM.attributes
                0x00000096       0x38 ./wdog.o

.comment        0x00000000       0x11
 .comment       0x00000000       0x11 ./blinker06.o
                                 0x12 (size before relaxing)
 .comment       0x00000000       0x12 ./periph.o
 .comment       0x00000000       0x12 ./wdog.o

Cross Reference Table

Symbol                                            File
GET32                                             ./_vectors.o
                                                  ./wdog.o
                                                  ./periph.o
PUT32                                             ./_vectors.o
                                                  ./wdog.o
                                                  ./periph.o
_start                                            ./_vectors.o
dummy                                             ./_vectors.o
                                                  ./periph.o
hexstring                                         ./periph.o
hexstrings                                        ./periph.o
init_led                                          ./periph.o
                                                  ./blinker06.o
init_timer                                        ./periph.o
ledstate                                          ./periph.o
notmain                                           ./blinker06.o
                                                  ./_vectors.o
timer_tick                                        ./periph.o
toggle_led                                        ./periph.o
                                                  ./blinker06.o
uart_init                                         ./periph.o
uart_putc                                         ./periph.o
wdog_get_remaining                                ./wdog.o
                                                  ./blinker06.o
wdog_start                                        ./wdog.o
                                                  ./blinker06.o
wdog_stop                                         ./wdog.o
Finished building target: blinker06.elf
 
Invoking: ARM Yagarto Windows GNU Create Flash Image
arm-none-eabi-objcopy -O binary blinker06.elf  "blinker06.hex"
Finished building: blinker06.hex
 
Invoking: ARM Yagarto Windows GNU Create Listing
arm-none-eabi-objdump -h -S blinker06.elf > "blinker06.lst"
Finished building: blinker06.lst
 
Invoking: ARM Yagarto Windows GNU Print Size
arm-none-eabi-size  --format=berkeley blinker06.elf
   text	   data	    bss	    dec	    hex	filename
    776	      0	      4	    780	    30c	blinker06.elf
Finished building: blinker06.siz
 

22:31:04 Build Finished (took 2s.613ms)

