16:52:12 **** Incremental Build of configuration Release for project uart03 ****
make all 
Building file: ../_novectors.S
Invoking: ARM Yagarto Windows GCC Assembler
arm-none-eabi-gcc -x assembler-with-cpp -Wall -Wa,-adhlns="_novectors.o.lst" -v -c -fmessage-length=0 -MMD -MP -MF"_novectors.d" -MT"_novectors.d" -mcpu=arm1176jzf-s -o "_novectors.o" "../_novectors.S"
Using built-in specs.
COLLECT_GCC=c:\yagarto-20121222\bin\arm-none-eabi-gcc.exe
Target: arm-none-eabi
Configured with: ../gcc-4.7.2/configure --target=arm-none-eabi --prefix=/home/yagarto/install --disable-shared --disable-nls --disable-threads --disable-libssp --disable-libstdcxx-pch --disable-libmudflap --disable-libgomp -v --enable-languages=c,c++ --enable-interwork --enable-multilib --with-gcc --with-gnu-ld --with-gnu-as --with-dwarf2 --with-newlib --with-headers=../newlib-1.20.0/newlib/libc/include --with-mpc=/home/yagarto/addontools --with-mpfr=/home/yagarto/addontools --with-gmp=/home/yagarto/addontools
Thread model: single
gcc version 4.7.2 (GCC) 
COLLECT_GCC_OPTIONS='-Wall' '-v' '-c' '-fmessage-length=0' '-MMD' '-MP' '-MF' '_novectors.d' '-MT' '_novectors.d' '-mcpu=arm1176jzf-s' '-o' '_novectors.o'
 c:/yagarto-20121222/bin/../libexec/gcc/arm-none-eabi/4.7.2/cc1.exe -E -lang-asm -quiet -v -iprefix c:\yagarto-20121222\bin\../lib/gcc/arm-none-eabi/4.7.2/ -MMD _novectors.d -MF _novectors.d -MP -MT _novectors.d -D__USES_INITFINI__ ../_novectors.S -mcpu=arm1176jzf-s -Wall -fmessage-length=0 -fno-directives-only -o C:\Temp\ccUPgiIg.s
ignoring duplicate directory "c:/yagarto-20121222/lib/gcc/../../lib/gcc/arm-none-eabi/4.7.2/include"
ignoring duplicate directory "c:/yagarto-20121222/lib/gcc/../../lib/gcc/arm-none-eabi/4.7.2/include-fixed"
#include "..." search starts here:
#include <...> search starts here:
 c:\yagarto-20121222\bin\../lib/gcc/arm-none-eabi/4.7.2/include
 c:\yagarto-20121222\bin\../lib/gcc/arm-none-eabi/4.7.2/include-fixed
 c:/yagarto-20121222/lib/gcc/../../arm-none-eabi/sys-include
 c:/yagarto-20121222/lib/gcc/../../arm-none-eabi/include
End of search list.
COLLECT_GCC_OPTIONS='-Wall' '-v' '-c' '-fmessage-length=0' '-MMD' '-MP' '-MF' '_novectors.d' '-MT' '_novectors.d' '-mcpu=arm1176jzf-s' '-o' '_novectors.o'
 c:/yagarto-20121222/bin/../lib/gcc/arm-none-eabi/4.7.2/../../../../arm-none-eabi/bin/as.exe -v -mcpu=arm1176jzf-s -meabi=5 -adhlns=_novectors.o.lst -o _novectors.o C:\Temp\ccUPgiIg.s
Finished building: ../_novectors.S
GNU assembler version 2.23.1 (arm-none-eabi) using BFD version (GNU Binutils) 2.23.1
COMPILER_PATH=c:/yagarto-20121222/bin/../libexec/gcc/arm-none-eabi/4.7.2/;c:/yagarto-20121222/bin/../libexec/gcc/;c:/yagarto-20121222/bin/../lib/gcc/arm-none-eabi/4.7.2/../../../../arm-none-eabi/bin/
 
LIBRARY_PATH=c:/yagarto-20121222/bin/../lib/gcc/arm-none-eabi/4.7.2/;c:/yagarto-20121222/bin/../lib/gcc/;c:/yagarto-20121222/bin/../lib/gcc/arm-none-eabi/4.7.2/../../../../arm-none-eabi/lib/
COLLECT_GCC_OPTIONS='-Wall' '-v' '-c' '-fmessage-length=0' '-MMD' '-MP' '-MF' '_novectors.d' '-MT' '_novectors.d' '-mcpu=arm1176jzf-s' '-o' '_novectors.o'
Building file: ../uart03.c
Invoking: ARM Yagarto Windows GCC C Compiler
arm-none-eabi-gcc -O3 -Wall -Wa,-adhlns="uart03.o.lst" -v -c -fmessage-length=0 -MMD -MP -MF"uart03.d" -MT"uart03.d" -mcpu=arm1176jzf-s -o "uart03.o" "../uart03.c"
Using built-in specs.
COLLECT_GCC=c:\yagarto-20121222\bin\arm-none-eabi-gcc.exe
Target: arm-none-eabi
Configured with: ../gcc-4.7.2/configure --target=arm-none-eabi --prefix=/home/yagarto/install --disable-shared --disable-nls --disable-threads --disable-libssp --disable-libstdcxx-pch --disable-libmudflap --disable-libgomp -v --enable-languages=c,c++ --enable-interwork --enable-multilib --with-gcc --with-gnu-ld --with-gnu-as --with-dwarf2 --with-newlib --with-headers=../newlib-1.20.0/newlib/libc/include --with-mpc=/home/yagarto/addontools --with-mpfr=/home/yagarto/addontools --with-gmp=/home/yagarto/addontools
Thread model: single
gcc version 4.7.2 (GCC) 
COLLECT_GCC_OPTIONS='-O3' '-Wall' '-v' '-c' '-fmessage-length=0' '-MMD' '-MP' '-MF' 'uart03.d' '-MT' 'uart03.d' '-mcpu=arm1176jzf-s' '-o' 'uart03.o'
 c:/yagarto-20121222/bin/../libexec/gcc/arm-none-eabi/4.7.2/cc1.exe -quiet -v -iprefix c:\yagarto-20121222\bin\../lib/gcc/arm-none-eabi/4.7.2/ -MMD uart03.d -MF uart03.d -MP -MT uart03.d -D__USES_INITFINI__ ../uart03.c -quiet -dumpbase uart03.c -mcpu=arm1176jzf-s -auxbase-strip uart03.o -O3 -Wall -version -fmessage-length=0 -o C:\Temp\cc5k4rrI.s
GNU C (GCC) version 4.7.2 (arm-none-eabi)
	compiled by GNU C version 3.4.5 (mingw-vista special r3), GMP version 5.0.4, MPFR version 2.4.2, MPC version 0.8.1
GGC heuristics: --param ggc-min-expand=100 --param ggc-min-heapsize=131072
ignoring duplicate directory "c:/yagarto-20121222/lib/gcc/../../lib/gcc/arm-none-eabi/4.7.2/include"
ignoring duplicate directory "c:/yagarto-20121222/lib/gcc/../../lib/gcc/arm-none-eabi/4.7.2/include-fixed"
#include "..." search starts here:
#include <...> search starts here:
 c:\yagarto-20121222\bin\../lib/gcc/arm-none-eabi/4.7.2/include
 c:\yagarto-20121222\bin\../lib/gcc/arm-none-eabi/4.7.2/include-fixed
 c:/yagarto-20121222/lib/gcc/../../arm-none-eabi/sys-include
 c:/yagarto-20121222/lib/gcc/../../arm-none-eabi/include
End of search list.
GNU C (GCC) version 4.7.2 (arm-none-eabi)
	compiled by GNU C version 3.4.5 (mingw-vista special r3), GMP version 5.0.4, MPFR version 2.4.2, MPC version 0.8.1
GGC heuristics: --param ggc-min-expand=100 --param ggc-min-heapsize=131072
Compiler executable checksum: 43a4e0ba549537502d3fc875bfbb9ed3
COLLECT_GCC_OPTIONS='-O3' '-Wall' '-v' '-c' '-fmessage-length=0' '-MMD' '-MP' '-MF' 'uart03.d' '-MT' 'uart03.d' '-mcpu=arm1176jzf-s' '-o' 'uart03.o'
 c:/yagarto-20121222/bin/../lib/gcc/arm-none-eabi/4.7.2/../../../../arm-none-eabi/bin/as.exe -v -mcpu=arm1176jzf-s -meabi=5 -adhlns=uart03.o.lst -o uart03.o C:\Temp\cc5k4rrI.s
Finished building: ../uart03.c
GNU assembler version 2.23.1 (arm-none-eabi) using BFD version (GNU Binutils) 2.23.1
COMPILER_PATH=c:/yagarto-20121222/bin/../libexec/gcc/arm-none-eabi/4.7.2/;c:/yagarto-20121222/bin/../libexec/gcc/;c:/yagarto-20121222/bin/../lib/gcc/arm-none-eabi/4.7.2/../../../../arm-none-eabi/bin/
 
LIBRARY_PATH=c:/yagarto-20121222/bin/../lib/gcc/arm-none-eabi/4.7.2/;c:/yagarto-20121222/bin/../lib/gcc/;c:/yagarto-20121222/bin/../lib/gcc/arm-none-eabi/4.7.2/../../../../arm-none-eabi/lib/
Building target: uart03.elf
COLLECT_GCC_OPTIONS='-O3' '-Wall' '-v' '-c' '-fmessage-length=0' '-MMD' '-MP' '-MF' 'uart03.d' '-MT' 'uart03.d' '-mcpu=arm1176jzf-s' '-o' 'uart03.o'
Invoking: ARM Yagarto Windows GCC C Linker
arm-none-eabi-gcc -T"../memmap" -nostartfiles -nodefaultlibs -nostdlib -Wl,-Map,uart03.map -Xlinker --cref -Xlinker --print-map -v -mcpu=arm1176jzf-s -o "uart03.elf"  ./_novectors.o ./uart03.o   
Using built-in specs.
COLLECT_GCC=c:\yagarto-20121222\bin\arm-none-eabi-gcc.exe
COLLECT_LTO_WRAPPER=c:/yagarto-20121222/bin/../libexec/gcc/arm-none-eabi/4.7.2/lto-wrapper.exe
Target: arm-none-eabi
Configured with: ../gcc-4.7.2/configure --target=arm-none-eabi --prefix=/home/yagarto/install --disable-shared --disable-nls --disable-threads --disable-libssp --disable-libstdcxx-pch --disable-libmudflap --disable-libgomp -v --enable-languages=c,c++ --enable-interwork --enable-multilib --with-gcc --with-gnu-ld --with-gnu-as --with-dwarf2 --with-newlib --with-headers=../newlib-1.20.0/newlib/libc/include --with-mpc=/home/yagarto/addontools --with-mpfr=/home/yagarto/addontools --with-gmp=/home/yagarto/addontools

Thread model: single
Memory Configuration
gcc version 4.7.2 (GCC) 

COMPILER_PATH=c:/yagarto-20121222/bin/../libexec/gcc/arm-none-eabi/4.7.2/;c:/yagarto-20121222/bin/../libexec/gcc/;c:/yagarto-20121222/bin/../lib/gcc/arm-none-eabi/4.7.2/../../../../arm-none-eabi/bin/
Name             Origin             Length             Attributes
ram              0x00008000         0x00001000
LIBRARY_PATH=c:/yagarto-20121222/bin/../lib/gcc/arm-none-eabi/4.7.2/;c:/yagarto-20121222/bin/../lib/gcc/;c:/yagarto-20121222/bin/../lib/gcc/arm-none-eabi/4.7.2/../../../../arm-none-eabi/lib/
*default*        0x00000000         0xffffffff
COLLECT_GCC_OPTIONS='-T' '../memmap' '-nostartfiles' '-nodefaultlibs' '-nostdlib' '-v' '-mcpu=arm1176jzf-s' '-o' 'uart03.elf'
 c:/yagarto-20121222/bin/../libexec/gcc/arm-none-eabi/4.7.2/collect2.exe -X -o uart03.elf -Lc:/yagarto-20121222/bin/../lib/gcc/arm-none-eabi/4.7.2 -Lc:/yagarto-20121222/bin/../lib/gcc -Lc:/yagarto-20121222/bin/../lib/gcc/arm-none-eabi/4.7.2/../../../../arm-none-eabi/lib -Map uart03.map --cref --print-map ./_novectors.o ./uart03.o -T ../memmap

Linker script and memory map

LOAD ./_novectors.o
LOAD ./uart03.o

.text           0x00008000      0x2f0
 *(.text*)
 .text          0x00008000       0x2c ./_novectors.o
                0x00008000                _start
                0x00008022                PUT32
                0x00008026                GET32
                0x0000802a                dummy
 .text          0x0000802c      0x28c ./uart03.o
                0x0000802c                uart_putc
                0x0000805c                hexstrings
                0x000080cc                hexstring
                0x00008174                notmain
 .text.__stub   0x000082b8       0x2c linker stubs

.data           0x000082f0        0x0
 .data          0x000082f0        0x0 ./_novectors.o
 .data          0x000082f0        0x0 ./uart03.o

.igot.plt       0x000082f0        0x0
 .igot.plt      0x00000000        0x0 ./_novectors.o

.glue_7         0x000082f0        0x0
 .glue_7        0x00000000        0x0 linker stubs

.glue_7t        0x000082f0        0x0
 .glue_7t       0x00000000        0x0 linker stubs

.vfp11_veneer   0x000082f0        0x0
 .vfp11_veneer  0x00000000        0x0 linker stubs

.v4_bx          0x000082f0        0x0
 .v4_bx         0x00000000        0x0 linker stubs

.iplt           0x000082f0        0x0
 .iplt          0x00000000        0x0 ./_novectors.o

.rel.dyn        0x000082f0        0x0
 .rel.iplt      0x00000000        0x0 ./_novectors.o

.bss            0x000082f0        0x0
 *(.bss*)
 .bss           0x000082f0        0x0 ./_novectors.o
 .bss           0x000082f0        0x0 ./uart03.o
OUTPUT(uart03.elf elf32-littlearm)

.ARM.attributes
                0x00000000       0x34
 .ARM.attributes
                0x00000000       0x26 ./_novectors.o
 .ARM.attributes
                0x00000026       0x38 ./uart03.o

.comment        0x00000000       0x11
 .comment       0x00000000       0x11 ./uart03.o
                                 0x12 (size before relaxing)

Cross Reference Table

Symbol                                            File
GET32                                             ./_novectors.o
                                                  ./uart03.o
PUT32                                             ./_novectors.o
                                                  ./uart03.o
_start                                            ./_novectors.o
dummy                                             ./_novectors.o
                                                  ./uart03.o
hexstring                                         ./uart03.o
hexstrings                                        ./uart03.o
notmain                                           ./uart03.o
                                                  ./_novectors.o
uart_putc                                         ./uart03.o
Finished building target: uart03.elf
 
Invoking: ARM Yagarto Windows GNU Create Flash Image
arm-none-eabi-objcopy -O binary uart03.elf  "uart03.hex"
Finished building: uart03.hex
 
Invoking: ARM Yagarto Windows GNU Create Listing
arm-none-eabi-objdump -h -S uart03.elf > "uart03.lst"
Finished building: uart03.lst
 
Invoking: ARM Yagarto Windows GNU Print Size
arm-none-eabi-size  --format=berkeley uart03.elf
   text	   data	    bss	    dec	    hex	filename
    752	      0	      0	    752	    2f0	uart03.elf
Finished building: uart03.siz
 

16:52:14 Build Finished (took 2s.83ms)

