16:40:35 **** Incremental Build of configuration Release for project uartx01 ****
make all 
Building file: ../_vectors.S
Invoking: ARM Yagarto Windows GCC Assembler
arm-none-eabi-gcc -x assembler-with-cpp -Wall -Wa,-adhlns="_vectors.o.lst" -v -c -fmessage-length=0 -MMD -MP -MF"_vectors.d" -MT"_vectors.d" -mcpu=arm1176jzf-s -o "_vectors.o" "../_vectors.S"
Using built-in specs.
COLLECT_GCC=c:\yagarto-20121222\bin\arm-none-eabi-gcc.exe
Target: arm-none-eabi
Configured with: ../gcc-4.7.2/configure --target=arm-none-eabi --prefix=/home/yagarto/install --disable-shared --disable-nls --disable-threads --disable-libssp --disable-libstdcxx-pch --disable-libmudflap --disable-libgomp -v --enable-languages=c,c++ --enable-interwork --enable-multilib --with-gcc --with-gnu-ld --with-gnu-as --with-dwarf2 --with-newlib --with-headers=../newlib-1.20.0/newlib/libc/include --with-mpc=/home/yagarto/addontools --with-mpfr=/home/yagarto/addontools --with-gmp=/home/yagarto/addontools
Thread model: single
gcc version 4.7.2 (GCC) 
COLLECT_GCC_OPTIONS='-Wall' '-v' '-c' '-fmessage-length=0' '-MMD' '-MP' '-MF' '_vectors.d' '-MT' '_vectors.d' '-mcpu=arm1176jzf-s' '-o' '_vectors.o'
 c:/yagarto-20121222/bin/../libexec/gcc/arm-none-eabi/4.7.2/cc1.exe -E -lang-asm -quiet -v -iprefix c:\yagarto-20121222\bin\../lib/gcc/arm-none-eabi/4.7.2/ -MMD _vectors.d -MF _vectors.d -MP -MT _vectors.d -D__USES_INITFINI__ ../_vectors.S -mcpu=arm1176jzf-s -Wall -fmessage-length=0 -fno-directives-only -o C:\Temp\cceaAIOk.s
ignoring duplicate directory "c:/yagarto-20121222/lib/gcc/../../lib/gcc/arm-none-eabi/4.7.2/include"
ignoring duplicate directory "c:/yagarto-20121222/lib/gcc/../../lib/gcc/arm-none-eabi/4.7.2/include-fixed"
#include "..." search starts here:
#include <...> search starts here:
 c:\yagarto-20121222\bin\../lib/gcc/arm-none-eabi/4.7.2/include
 c:\yagarto-20121222\bin\../lib/gcc/arm-none-eabi/4.7.2/include-fixed
 c:/yagarto-20121222/lib/gcc/../../arm-none-eabi/sys-include
 c:/yagarto-20121222/lib/gcc/../../arm-none-eabi/include
End of search list.
COLLECT_GCC_OPTIONS='-Wall' '-v' '-c' '-fmessage-length=0' '-MMD' '-MP' '-MF' '_vectors.d' '-MT' '_vectors.d' '-mcpu=arm1176jzf-s' '-o' '_vectors.o'
 c:/yagarto-20121222/bin/../lib/gcc/arm-none-eabi/4.7.2/../../../../arm-none-eabi/bin/as.exe -v -mcpu=arm1176jzf-s -meabi=5 -adhlns=_vectors.o.lst -o _vectors.o C:\Temp\cceaAIOk.s
Finished building: ../_vectors.S
GNU assembler version 2.23.1 (arm-none-eabi) using BFD version (GNU Binutils) 2.23.1
COMPILER_PATH=c:/yagarto-20121222/bin/../libexec/gcc/arm-none-eabi/4.7.2/;c:/yagarto-20121222/bin/../libexec/gcc/;c:/yagarto-20121222/bin/../lib/gcc/arm-none-eabi/4.7.2/../../../../arm-none-eabi/bin/
 
LIBRARY_PATH=c:/yagarto-20121222/bin/../lib/gcc/arm-none-eabi/4.7.2/;c:/yagarto-20121222/bin/../lib/gcc/;c:/yagarto-20121222/bin/../lib/gcc/arm-none-eabi/4.7.2/../../../../arm-none-eabi/lib/
Building file: ../uartx01.c
COLLECT_GCC_OPTIONS='-Wall' '-v' '-c' '-fmessage-length=0' '-MMD' '-MP' '-MF' '_vectors.d' '-MT' '_vectors.d' '-mcpu=arm1176jzf-s' '-o' '_vectors.o'
Invoking: ARM Yagarto Windows GCC C Compiler
arm-none-eabi-gcc -O3 -Wall -Wa,-adhlns="uartx01.o.lst" -v -c -fmessage-length=0 -MMD -MP -MF"uartx01.d" -MT"uartx01.d" -mcpu=arm1176jzf-s -o "uartx01.o" "../uartx01.c"
Using built-in specs.
COLLECT_GCC=c:\yagarto-20121222\bin\arm-none-eabi-gcc.exe
Target: arm-none-eabi
Configured with: ../gcc-4.7.2/configure --target=arm-none-eabi --prefix=/home/yagarto/install --disable-shared --disable-nls --disable-threads --disable-libssp --disable-libstdcxx-pch --disable-libmudflap --disable-libgomp -v --enable-languages=c,c++ --enable-interwork --enable-multilib --with-gcc --with-gnu-ld --with-gnu-as --with-dwarf2 --with-newlib --with-headers=../newlib-1.20.0/newlib/libc/include --with-mpc=/home/yagarto/addontools --with-mpfr=/home/yagarto/addontools --with-gmp=/home/yagarto/addontools
Thread model: single
gcc version 4.7.2 (GCC) 
COLLECT_GCC_OPTIONS='-O3' '-Wall' '-v' '-c' '-fmessage-length=0' '-MMD' '-MP' '-MF' 'uartx01.d' '-MT' 'uartx01.d' '-mcpu=arm1176jzf-s' '-o' 'uartx01.o'
 c:/yagarto-20121222/bin/../libexec/gcc/arm-none-eabi/4.7.2/cc1.exe -quiet -v -iprefix c:\yagarto-20121222\bin\../lib/gcc/arm-none-eabi/4.7.2/ -MMD uartx01.d -MF uartx01.d -MP -MT uartx01.d -D__USES_INITFINI__ ../uartx01.c -quiet -dumpbase uartx01.c -mcpu=arm1176jzf-s -auxbase-strip uartx01.o -O3 -Wall -version -fmessage-length=0 -o C:\Temp\cc2T8BOP.s
GNU C (GCC) version 4.7.2 (arm-none-eabi)
	compiled by GNU C version 3.4.5 (mingw-vista special r3), GMP version 5.0.4, MPFR version 2.4.2, MPC version 0.8.1
GGC heuristics: --param ggc-min-expand=100 --param ggc-min-heapsize=131072
ignoring duplicate directory "c:/yagarto-20121222/lib/gcc/../../lib/gcc/arm-none-eabi/4.7.2/include"
ignoring duplicate directory "c:/yagarto-20121222/lib/gcc/../../lib/gcc/arm-none-eabi/4.7.2/include-fixed"
#include "..." search starts here:
#include <...> search starts here:
 c:\yagarto-20121222\bin\../lib/gcc/arm-none-eabi/4.7.2/include
 c:\yagarto-20121222\bin\../lib/gcc/arm-none-eabi/4.7.2/include-fixed
 c:/yagarto-20121222/lib/gcc/../../arm-none-eabi/sys-include
 c:/yagarto-20121222/lib/gcc/../../arm-none-eabi/include
End of search list.
GNU C (GCC) version 4.7.2 (arm-none-eabi)
	compiled by GNU C version 3.4.5 (mingw-vista special r3), GMP version 5.0.4, MPFR version 2.4.2, MPC version 0.8.1
GGC heuristics: --param ggc-min-expand=100 --param ggc-min-heapsize=131072
Compiler executable checksum: 43a4e0ba549537502d3fc875bfbb9ed3
COLLECT_GCC_OPTIONS='-O3' '-Wall' '-v' '-c' '-fmessage-length=0' '-MMD' '-MP' '-MF' 'uartx01.d' '-MT' 'uartx01.d' '-mcpu=arm1176jzf-s' '-o' 'uartx01.o'
 c:/yagarto-20121222/bin/../lib/gcc/arm-none-eabi/4.7.2/../../../../arm-none-eabi/bin/as.exe -v -mcpu=arm1176jzf-s -meabi=5 -adhlns=uartx01.o.lst -o uartx01.o C:\Temp\cc2T8BOP.s
Finished building: ../uartx01.c
GNU assembler version 2.23.1 (arm-none-eabi) using BFD version (GNU Binutils) 2.23.1
COMPILER_PATH=c:/yagarto-20121222/bin/../libexec/gcc/arm-none-eabi/4.7.2/;c:/yagarto-20121222/bin/../libexec/gcc/;c:/yagarto-20121222/bin/../lib/gcc/arm-none-eabi/4.7.2/../../../../arm-none-eabi/bin/
 
LIBRARY_PATH=c:/yagarto-20121222/bin/../lib/gcc/arm-none-eabi/4.7.2/;c:/yagarto-20121222/bin/../lib/gcc/;c:/yagarto-20121222/bin/../lib/gcc/arm-none-eabi/4.7.2/../../../../arm-none-eabi/lib/
COLLECT_GCC_OPTIONS='-O3' '-Wall' '-v' '-c' '-fmessage-length=0' '-MMD' '-MP' '-MF' 'uartx01.d' '-MT' 'uartx01.d' '-mcpu=arm1176jzf-s' '-o' 'uartx01.o'
Building target: uartx01.elf
Invoking: ARM Yagarto Windows GCC C Linker
arm-none-eabi-gcc -T"../memmap" -nostartfiles -nodefaultlibs -nostdlib -Wl,-Map,uartx01.map -Xlinker --cref -Xlinker --print-map -v -mcpu=arm1176jzf-s -o "uartx01.elf"  ./_vectors.o ./uartx01.o   
Using built-in specs.
COLLECT_GCC=c:\yagarto-20121222\bin\arm-none-eabi-gcc.exe
COLLECT_LTO_WRAPPER=c:/yagarto-20121222/bin/../libexec/gcc/arm-none-eabi/4.7.2/lto-wrapper.exe
Target: arm-none-eabi
Configured with: ../gcc-4.7.2/configure --target=arm-none-eabi --prefix=/home/yagarto/install --disable-shared --disable-nls --disable-threads --disable-libssp --disable-libstdcxx-pch --disable-libmudflap --disable-libgomp -v --enable-languages=c,c++ --enable-interwork --enable-multilib --with-gcc --with-gnu-ld --with-gnu-as --with-dwarf2 --with-newlib --with-headers=../newlib-1.20.0/newlib/libc/include --with-mpc=/home/yagarto/addontools --with-mpfr=/home/yagarto/addontools --with-gmp=/home/yagarto/addontools

Memory Configuration

Name             Origin             Length             Attributes
ram              0x00008000         0x00001000
*default*        0x00000000         0xffffffff

Linker script and memory map

LOAD ./_vectors.o
LOAD ./uartx01.o

.text           0x00008000      0x3a0
 *(.text*)
 .text          0x00008000       0x24 ./_vectors.o
                0x00008000                _start
                0x00008010                PUT32
                0x00008018                GET32
                0x00008020                dummy
 .text          0x00008024      0x37c ./uartx01.o
                0x00008024                uart_putc
                0x00008054                uart_getc
                0x0000807c                uart_init
                0x00008160                hexstrings
Thread model: single
gcc version 4.7.2 (GCC) 
COMPILER_PATH=c:/yagarto-20121222/bin/../libexec/gcc/arm-none-eabi/4.7.2/;c:/yagarto-20121222/bin/../libexec/gcc/;c:/yagarto-20121222/bin/../lib/gcc/arm-none-eabi/4.7.2/../../../../arm-none-eabi/bin/
                0x000081d0                hexstring
LIBRARY_PATH=c:/yagarto-20121222/bin/../lib/gcc/arm-none-eabi/4.7.2/;c:/yagarto-20121222/bin/../lib/gcc/;c:/yagarto-20121222/bin/../lib/gcc/arm-none-eabi/4.7.2/../../../../arm-none-eabi/lib/
                0x00008278                notmain
COLLECT_GCC_OPTIONS='-T' '../memmap' '-nostartfiles' '-nodefaultlibs' '-nostdlib' '-v' '-mcpu=arm1176jzf-s' '-o' 'uartx01.elf'

 c:/yagarto-20121222/bin/../libexec/gcc/arm-none-eabi/4.7.2/collect2.exe -X -o uartx01.elf -Lc:/yagarto-20121222/bin/../lib/gcc/arm-none-eabi/4.7.2 -Lc:/yagarto-20121222/bin/../lib/gcc -Lc:/yagarto-20121222/bin/../lib/gcc/arm-none-eabi/4.7.2/../../../../arm-none-eabi/lib -Map uartx01.map --cref --print-map ./_vectors.o ./uartx01.o -T ../memmap
.data           0x000083a0        0x0
 .data          0x000083a0        0x0 ./_vectors.o
 .data          0x000083a0        0x0 ./uartx01.o

.igot.plt       0x000083a0        0x0
 .igot.plt      0x00000000        0x0 ./_vectors.o

.glue_7         0x000083a0        0x0
 .glue_7        0x00000000        0x0 linker stubs

.glue_7t        0x000083a0        0x0
 .glue_7t       0x00000000        0x0 linker stubs

.vfp11_veneer   0x000083a0        0x0
 .vfp11_veneer  0x00000000        0x0 linker stubs

.v4_bx          0x000083a0        0x0
 .v4_bx         0x00000000        0x0 linker stubs

.iplt           0x000083a0        0x0
 .iplt          0x00000000        0x0 ./_vectors.o

.rel.dyn        0x000083a0        0x0
 .rel.iplt      0x00000000        0x0 ./_vectors.o

.bss            0x000083a0        0x0
 *(.bss*)
 .bss           0x000083a0        0x0 ./_vectors.o
 .bss           0x000083a0        0x0 ./uartx01.o
OUTPUT(uartx01.elf elf32-littlearm)

.ARM.attributes
                0x00000000       0x34
 .ARM.attributes
                0x00000000       0x26 ./_vectors.o
 .ARM.attributes
                0x00000026       0x38 ./uartx01.o

.comment        0x00000000       0x11
 .comment       0x00000000       0x11 ./uartx01.o
                                 0x12 (size before relaxing)

Cross Reference Table

Symbol                                            File
GET32                                             ./_vectors.o
                                                  ./uartx01.o
PUT32                                             ./_vectors.o
                                                  ./uartx01.o
_start                                            ./_vectors.o
dummy                                             ./_vectors.o
                                                  ./uartx01.o
hexstring                                         ./uartx01.o
hexstrings                                        ./uartx01.o
notmain                                           ./uartx01.o
                                                  ./_vectors.o
uart_getc                                         ./uartx01.o
uart_init                                         ./uartx01.o
uart_putc                                         ./uartx01.o
Finished building target: uartx01.elf
 
Invoking: ARM Yagarto Windows GNU Create Flash Image
arm-none-eabi-objcopy -O binary uartx01.elf  "uartx01.hex"
Finished building: uartx01.hex
 
Invoking: ARM Yagarto Windows GNU Create Listing
arm-none-eabi-objdump -h -S uartx01.elf > "uartx01.lst"
Finished building: uartx01.lst
 
Invoking: ARM Yagarto Windows GNU Print Size
arm-none-eabi-size  --format=berkeley uartx01.elf
   text	   data	    bss	    dec	    hex	filename
    928	      0	      0	    928	    3a0	uartx01.elf
Finished building: uartx01.siz
 

16:40:37 Build Finished (took 2s.41ms)

