17:04:18 **** Incremental Build of configuration Release for project zlib ****
make all 
Building file: ../_vectors.S
Invoking: ARM Yagarto Windows GCC Assembler
arm-none-eabi-gcc -x assembler-with-cpp -Wall -Wa,-adhlns="_vectors.o.lst" -v -c -fmessage-length=0 -MMD -MP -MF"_vectors.d" -MT"_vectors.d" -mcpu=arm1176jzf-s -o "_vectors.o" "../_vectors.S"
Using built-in specs.
COLLECT_GCC=c:\yagarto-20121222\bin\arm-none-eabi-gcc.exe
Target: arm-none-eabi
Configured with: ../gcc-4.7.2/configure --target=arm-none-eabi --prefix=/home/yagarto/install --disable-shared --disable-nls --disable-threads --disable-libssp --disable-libstdcxx-pch --disable-libmudflap --disable-libgomp -v --enable-languages=c,c++ --enable-interwork --enable-multilib --with-gcc --with-gnu-ld --with-gnu-as --with-dwarf2 --with-newlib --with-headers=../newlib-1.20.0/newlib/libc/include --with-mpc=/home/yagarto/addontools --with-mpfr=/home/yagarto/addontools --with-gmp=/home/yagarto/addontools
Thread model: single
gcc version 4.7.2 (GCC) 
COLLECT_GCC_OPTIONS='-Wall' '-v' '-c' '-fmessage-length=0' '-MMD' '-MP' '-MF' '_vectors.d' '-MT' '_vectors.d' '-mcpu=arm1176jzf-s' '-o' '_vectors.o'
 c:/yagarto-20121222/bin/../libexec/gcc/arm-none-eabi/4.7.2/cc1.exe -E -lang-asm -quiet -v -iprefix c:\yagarto-20121222\bin\../lib/gcc/arm-none-eabi/4.7.2/ -MMD _vectors.d -MF _vectors.d -MP -MT _vectors.d -D__USES_INITFINI__ ../_vectors.S -mcpu=arm1176jzf-s -Wall -fmessage-length=0 -fno-directives-only -o C:\Temp\ccVCTZqb.s
ignoring duplicate directory "c:/yagarto-20121222/lib/gcc/../../lib/gcc/arm-none-eabi/4.7.2/include"
ignoring duplicate directory "c:/yagarto-20121222/lib/gcc/../../lib/gcc/arm-none-eabi/4.7.2/include-fixed"
#include "..." search starts here:
#include <...> search starts here:
 c:\yagarto-20121222\bin\../lib/gcc/arm-none-eabi/4.7.2/include
 c:\yagarto-20121222\bin\../lib/gcc/arm-none-eabi/4.7.2/include-fixed
 c:/yagarto-20121222/lib/gcc/../../arm-none-eabi/sys-include
 c:/yagarto-20121222/lib/gcc/../../arm-none-eabi/include
End of search list.
COLLECT_GCC_OPTIONS='-Wall' '-v' '-c' '-fmessage-length=0' '-MMD' '-MP' '-MF' '_vectors.d' '-MT' '_vectors.d' '-mcpu=arm1176jzf-s' '-o' '_vectors.o'
 c:/yagarto-20121222/bin/../lib/gcc/arm-none-eabi/4.7.2/../../../../arm-none-eabi/bin/as.exe -v -mcpu=arm1176jzf-s -meabi=5 -adhlns=_vectors.o.lst -o _vectors.o C:\Temp\ccVCTZqb.s
Finished building: ../_vectors.S
GNU assembler version 2.23.1 (arm-none-eabi) using BFD version (GNU Binutils) 2.23.1
COMPILER_PATH=c:/yagarto-20121222/bin/../libexec/gcc/arm-none-eabi/4.7.2/;c:/yagarto-20121222/bin/../libexec/gcc/;c:/yagarto-20121222/bin/../lib/gcc/arm-none-eabi/4.7.2/../../../../arm-none-eabi/bin/
LIBRARY_PATH=c:/yagarto-20121222/bin/../lib/gcc/arm-none-eabi/4.7.2/;c:/yagarto-20121222/bin/../lib/gcc/;c:/yagarto-20121222/bin/../lib/gcc/arm-none-eabi/4.7.2/../../../../arm-none-eabi/lib/
 
COLLECT_GCC_OPTIONS='-Wall' '-v' '-c' '-fmessage-length=0' '-MMD' '-MP' '-MF' '_vectors.d' '-MT' '_vectors.d' '-mcpu=arm1176jzf-s' '-o' '_vectors.o'
Building file: ../adler32.c
Invoking: ARM Yagarto Windows GCC C Compiler
arm-none-eabi-gcc -O3 -Wall -Wa,-adhlns="adler32.o.lst" -v -c -fmessage-length=0 -MMD -MP -MF"adler32.d" -MT"adler32.d" -mcpu=arm1176jzf-s -o "adler32.o" "../adler32.c"
Using built-in specs.
COLLECT_GCC=c:\yagarto-20121222\bin\arm-none-eabi-gcc.exe
Target: arm-none-eabi
Configured with: ../gcc-4.7.2/configure --target=arm-none-eabi --prefix=/home/yagarto/install --disable-shared --disable-nls --disable-threads --disable-libssp --disable-libstdcxx-pch --disable-libmudflap --disable-libgomp -v --enable-languages=c,c++ --enable-interwork --enable-multilib --with-gcc --with-gnu-ld --with-gnu-as --with-dwarf2 --with-newlib --with-headers=../newlib-1.20.0/newlib/libc/include --with-mpc=/home/yagarto/addontools --with-mpfr=/home/yagarto/addontools --with-gmp=/home/yagarto/addontools
Thread model: single
gcc version 4.7.2 (GCC) 
COLLECT_GCC_OPTIONS='-O3' '-Wall' '-v' '-c' '-fmessage-length=0' '-MMD' '-MP' '-MF' 'adler32.d' '-MT' 'adler32.d' '-mcpu=arm1176jzf-s' '-o' 'adler32.o'
 c:/yagarto-20121222/bin/../libexec/gcc/arm-none-eabi/4.7.2/cc1.exe -quiet -v -iprefix c:\yagarto-20121222\bin\../lib/gcc/arm-none-eabi/4.7.2/ -MMD adler32.d -MF adler32.d -MP -MT adler32.d -D__USES_INITFINI__ ../adler32.c -quiet -dumpbase adler32.c -mcpu=arm1176jzf-s -auxbase-strip adler32.o -O3 -Wall -version -fmessage-length=0 -o C:\Temp\ccZWSKFI.s
GNU C (GCC) version 4.7.2 (arm-none-eabi)
	compiled by GNU C version 3.4.5 (mingw-vista special r3), GMP version 5.0.4, MPFR version 2.4.2, MPC version 0.8.1
GGC heuristics: --param ggc-min-expand=100 --param ggc-min-heapsize=131072
ignoring duplicate directory "c:/yagarto-20121222/lib/gcc/../../lib/gcc/arm-none-eabi/4.7.2/include"
ignoring duplicate directory "c:/yagarto-20121222/lib/gcc/../../lib/gcc/arm-none-eabi/4.7.2/include-fixed"
#include "..." search starts here:
#include <...> search starts here:
 c:\yagarto-20121222\bin\../lib/gcc/arm-none-eabi/4.7.2/include
 c:\yagarto-20121222\bin\../lib/gcc/arm-none-eabi/4.7.2/include-fixed
 c:/yagarto-20121222/lib/gcc/../../arm-none-eabi/sys-include
 c:/yagarto-20121222/lib/gcc/../../arm-none-eabi/include
End of search list.
GNU C (GCC) version 4.7.2 (arm-none-eabi)
	compiled by GNU C version 3.4.5 (mingw-vista special r3), GMP version 5.0.4, MPFR version 2.4.2, MPC version 0.8.1
GGC heuristics: --param ggc-min-expand=100 --param ggc-min-heapsize=131072
Compiler executable checksum: 43a4e0ba549537502d3fc875bfbb9ed3
COLLECT_GCC_OPTIONS='-O3' '-Wall' '-v' '-c' '-fmessage-length=0' '-MMD' '-MP' '-MF' 'adler32.d' '-MT' 'adler32.d' '-mcpu=arm1176jzf-s' '-o' 'adler32.o'
 c:/yagarto-20121222/bin/../lib/gcc/arm-none-eabi/4.7.2/../../../../arm-none-eabi/bin/as.exe -v -mcpu=arm1176jzf-s -meabi=5 -adhlns=adler32.o.lst -o adler32.o C:\Temp\ccZWSKFI.s
Finished building: ../adler32.c
GNU assembler version 2.23.1 (arm-none-eabi) using BFD version (GNU Binutils) 2.23.1
COMPILER_PATH=c:/yagarto-20121222/bin/../libexec/gcc/arm-none-eabi/4.7.2/;c:/yagarto-20121222/bin/../libexec/gcc/;c:/yagarto-20121222/bin/../lib/gcc/arm-none-eabi/4.7.2/../../../../arm-none-eabi/bin/
 
LIBRARY_PATH=c:/yagarto-20121222/bin/../lib/gcc/arm-none-eabi/4.7.2/;c:/yagarto-20121222/bin/../lib/gcc/;c:/yagarto-20121222/bin/../lib/gcc/arm-none-eabi/4.7.2/../../../../arm-none-eabi/lib/
Building file: ../compress.c
COLLECT_GCC_OPTIONS='-O3' '-Wall' '-v' '-c' '-fmessage-length=0' '-MMD' '-MP' '-MF' 'adler32.d' '-MT' 'adler32.d' '-mcpu=arm1176jzf-s' '-o' 'adler32.o'
Invoking: ARM Yagarto Windows GCC C Compiler
arm-none-eabi-gcc -O3 -Wall -Wa,-adhlns="compress.o.lst" -v -c -fmessage-length=0 -MMD -MP -MF"compress.d" -MT"compress.d" -mcpu=arm1176jzf-s -o "compress.o" "../compress.c"
Using built-in specs.
COLLECT_GCC=c:\yagarto-20121222\bin\arm-none-eabi-gcc.exe
Target: arm-none-eabi
Configured with: ../gcc-4.7.2/configure --target=arm-none-eabi --prefix=/home/yagarto/install --disable-shared --disable-nls --disable-threads --disable-libssp --disable-libstdcxx-pch --disable-libmudflap --disable-libgomp -v --enable-languages=c,c++ --enable-interwork --enable-multilib --with-gcc --with-gnu-ld --with-gnu-as --with-dwarf2 --with-newlib --with-headers=../newlib-1.20.0/newlib/libc/include --with-mpc=/home/yagarto/addontools --with-mpfr=/home/yagarto/addontools --with-gmp=/home/yagarto/addontools
Thread model: single
gcc version 4.7.2 (GCC) 
COLLECT_GCC_OPTIONS='-O3' '-Wall' '-v' '-c' '-fmessage-length=0' '-MMD' '-MP' '-MF' 'compress.d' '-MT' 'compress.d' '-mcpu=arm1176jzf-s' '-o' 'compress.o'
 c:/yagarto-20121222/bin/../libexec/gcc/arm-none-eabi/4.7.2/cc1.exe -quiet -v -iprefix c:\yagarto-20121222\bin\../lib/gcc/arm-none-eabi/4.7.2/ -MMD compress.d -MF compress.d -MP -MT compress.d -D__USES_INITFINI__ ../compress.c -quiet -dumpbase compress.c -mcpu=arm1176jzf-s -auxbase-strip compress.o -O3 -Wall -version -fmessage-length=0 -o C:\Temp\ccCexJtc.s
GNU C (GCC) version 4.7.2 (arm-none-eabi)
	compiled by GNU C version 3.4.5 (mingw-vista special r3), GMP version 5.0.4, MPFR version 2.4.2, MPC version 0.8.1
GGC heuristics: --param ggc-min-expand=100 --param ggc-min-heapsize=131072
ignoring duplicate directory "c:/yagarto-20121222/lib/gcc/../../lib/gcc/arm-none-eabi/4.7.2/include"
ignoring duplicate directory "c:/yagarto-20121222/lib/gcc/../../lib/gcc/arm-none-eabi/4.7.2/include-fixed"
#include "..." search starts here:
#include <...> search starts here:
 c:\yagarto-20121222\bin\../lib/gcc/arm-none-eabi/4.7.2/include
 c:\yagarto-20121222\bin\../lib/gcc/arm-none-eabi/4.7.2/include-fixed
 c:/yagarto-20121222/lib/gcc/../../arm-none-eabi/sys-include
 c:/yagarto-20121222/lib/gcc/../../arm-none-eabi/include
End of search list.
GNU C (GCC) version 4.7.2 (arm-none-eabi)
	compiled by GNU C version 3.4.5 (mingw-vista special r3), GMP version 5.0.4, MPFR version 2.4.2, MPC version 0.8.1
GGC heuristics: --param ggc-min-expand=100 --param ggc-min-heapsize=131072
Compiler executable checksum: 43a4e0ba549537502d3fc875bfbb9ed3
COLLECT_GCC_OPTIONS='-O3' '-Wall' '-v' '-c' '-fmessage-length=0' '-MMD' '-MP' '-MF' 'compress.d' '-MT' 'compress.d' '-mcpu=arm1176jzf-s' '-o' 'compress.o'
 c:/yagarto-20121222/bin/../lib/gcc/arm-none-eabi/4.7.2/../../../../arm-none-eabi/bin/as.exe -v -mcpu=arm1176jzf-s -meabi=5 -adhlns=compress.o.lst -o compress.o C:\Temp\ccCexJtc.s
Finished building: ../compress.c
GNU assembler version 2.23.1 (arm-none-eabi) using BFD version (GNU Binutils) 2.23.1
COMPILER_PATH=c:/yagarto-20121222/bin/../libexec/gcc/arm-none-eabi/4.7.2/;c:/yagarto-20121222/bin/../libexec/gcc/;c:/yagarto-20121222/bin/../lib/gcc/arm-none-eabi/4.7.2/../../../../arm-none-eabi/bin/
 
LIBRARY_PATH=c:/yagarto-20121222/bin/../lib/gcc/arm-none-eabi/4.7.2/;c:/yagarto-20121222/bin/../lib/gcc/;c:/yagarto-20121222/bin/../lib/gcc/arm-none-eabi/4.7.2/../../../../arm-none-eabi/lib/
Building file: ../crc32.c
COLLECT_GCC_OPTIONS='-O3' '-Wall' '-v' '-c' '-fmessage-length=0' '-MMD' '-MP' '-MF' 'compress.d' '-MT' 'compress.d' '-mcpu=arm1176jzf-s' '-o' 'compress.o'
Invoking: ARM Yagarto Windows GCC C Compiler
arm-none-eabi-gcc -O3 -Wall -Wa,-adhlns="crc32.o.lst" -v -c -fmessage-length=0 -MMD -MP -MF"crc32.d" -MT"crc32.d" -mcpu=arm1176jzf-s -o "crc32.o" "../crc32.c"
Using built-in specs.
COLLECT_GCC=c:\yagarto-20121222\bin\arm-none-eabi-gcc.exe
Target: arm-none-eabi
Configured with: ../gcc-4.7.2/configure --target=arm-none-eabi --prefix=/home/yagarto/install --disable-shared --disable-nls --disable-threads --disable-libssp --disable-libstdcxx-pch --disable-libmudflap --disable-libgomp -v --enable-languages=c,c++ --enable-interwork --enable-multilib --with-gcc --with-gnu-ld --with-gnu-as --with-dwarf2 --with-newlib --with-headers=../newlib-1.20.0/newlib/libc/include --with-mpc=/home/yagarto/addontools --with-mpfr=/home/yagarto/addontools --with-gmp=/home/yagarto/addontools
Thread model: single
gcc version 4.7.2 (GCC) 
COLLECT_GCC_OPTIONS='-O3' '-Wall' '-v' '-c' '-fmessage-length=0' '-MMD' '-MP' '-MF' 'crc32.d' '-MT' 'crc32.d' '-mcpu=arm1176jzf-s' '-o' 'crc32.o'
 c:/yagarto-20121222/bin/../libexec/gcc/arm-none-eabi/4.7.2/cc1.exe -quiet -v -iprefix c:\yagarto-20121222\bin\../lib/gcc/arm-none-eabi/4.7.2/ -MMD crc32.d -MF crc32.d -MP -MT crc32.d -D__USES_INITFINI__ ../crc32.c -quiet -dumpbase crc32.c -mcpu=arm1176jzf-s -auxbase-strip crc32.o -O3 -Wall -version -fmessage-length=0 -o C:\Temp\ccQT8CPO.s
GNU C (GCC) version 4.7.2 (arm-none-eabi)
	compiled by GNU C version 3.4.5 (mingw-vista special r3), GMP version 5.0.4, MPFR version 2.4.2, MPC version 0.8.1
GGC heuristics: --param ggc-min-expand=100 --param ggc-min-heapsize=131072
ignoring duplicate directory "c:/yagarto-20121222/lib/gcc/../../lib/gcc/arm-none-eabi/4.7.2/include"
ignoring duplicate directory "c:/yagarto-20121222/lib/gcc/../../lib/gcc/arm-none-eabi/4.7.2/include-fixed"
#include "..." search starts here:
#include <...> search starts here:
 c:\yagarto-20121222\bin\../lib/gcc/arm-none-eabi/4.7.2/include
 c:\yagarto-20121222\bin\../lib/gcc/arm-none-eabi/4.7.2/include-fixed
 c:/yagarto-20121222/lib/gcc/../../arm-none-eabi/sys-include
 c:/yagarto-20121222/lib/gcc/../../arm-none-eabi/include
End of search list.
GNU C (GCC) version 4.7.2 (arm-none-eabi)
	compiled by GNU C version 3.4.5 (mingw-vista special r3), GMP version 5.0.4, MPFR version 2.4.2, MPC version 0.8.1
GGC heuristics: --param ggc-min-expand=100 --param ggc-min-heapsize=131072
Compiler executable checksum: 43a4e0ba549537502d3fc875bfbb9ed3
COLLECT_GCC_OPTIONS='-O3' '-Wall' '-v' '-c' '-fmessage-length=0' '-MMD' '-MP' '-MF' 'crc32.d' '-MT' 'crc32.d' '-mcpu=arm1176jzf-s' '-o' 'crc32.o'
 c:/yagarto-20121222/bin/../lib/gcc/arm-none-eabi/4.7.2/../../../../arm-none-eabi/bin/as.exe -v -mcpu=arm1176jzf-s -meabi=5 -adhlns=crc32.o.lst -o crc32.o C:\Temp\ccQT8CPO.s
Finished building: ../crc32.c
GNU assembler version 2.23.1 (arm-none-eabi) using BFD version (GNU Binutils) 2.23.1
COMPILER_PATH=c:/yagarto-20121222/bin/../libexec/gcc/arm-none-eabi/4.7.2/;c:/yagarto-20121222/bin/../libexec/gcc/;c:/yagarto-20121222/bin/../lib/gcc/arm-none-eabi/4.7.2/../../../../arm-none-eabi/bin/
 
LIBRARY_PATH=c:/yagarto-20121222/bin/../lib/gcc/arm-none-eabi/4.7.2/;c:/yagarto-20121222/bin/../lib/gcc/;c:/yagarto-20121222/bin/../lib/gcc/arm-none-eabi/4.7.2/../../../../arm-none-eabi/lib/
Building file: ../deflate.c
COLLECT_GCC_OPTIONS='-O3' '-Wall' '-v' '-c' '-fmessage-length=0' '-MMD' '-MP' '-MF' 'crc32.d' '-MT' 'crc32.d' '-mcpu=arm1176jzf-s' '-o' 'crc32.o'
Invoking: ARM Yagarto Windows GCC C Compiler
arm-none-eabi-gcc -O3 -Wall -Wa,-adhlns="deflate.o.lst" -v -c -fmessage-length=0 -MMD -MP -MF"deflate.d" -MT"deflate.d" -mcpu=arm1176jzf-s -o "deflate.o" "../deflate.c"
Using built-in specs.
COLLECT_GCC=c:\yagarto-20121222\bin\arm-none-eabi-gcc.exe
Target: arm-none-eabi
Configured with: ../gcc-4.7.2/configure --target=arm-none-eabi --prefix=/home/yagarto/install --disable-shared --disable-nls --disable-threads --disable-libssp --disable-libstdcxx-pch --disable-libmudflap --disable-libgomp -v --enable-languages=c,c++ --enable-interwork --enable-multilib --with-gcc --with-gnu-ld --with-gnu-as --with-dwarf2 --with-newlib --with-headers=../newlib-1.20.0/newlib/libc/include --with-mpc=/home/yagarto/addontools --with-mpfr=/home/yagarto/addontools --with-gmp=/home/yagarto/addontools
Thread model: single
gcc version 4.7.2 (GCC) 
COLLECT_GCC_OPTIONS='-O3' '-Wall' '-v' '-c' '-fmessage-length=0' '-MMD' '-MP' '-MF' 'deflate.d' '-MT' 'deflate.d' '-mcpu=arm1176jzf-s' '-o' 'deflate.o'
 c:/yagarto-20121222/bin/../libexec/gcc/arm-none-eabi/4.7.2/cc1.exe -quiet -v -iprefix c:\yagarto-20121222\bin\../lib/gcc/arm-none-eabi/4.7.2/ -MMD deflate.d -MF deflate.d -MP -MT deflate.d -D__USES_INITFINI__ ../deflate.c -quiet -dumpbase deflate.c -mcpu=arm1176jzf-s -auxbase-strip deflate.o -O3 -Wall -version -fmessage-length=0 -o C:\Temp\ccTidynp.s
GNU C (GCC) version 4.7.2 (arm-none-eabi)
	compiled by GNU C version 3.4.5 (mingw-vista special r3), GMP version 5.0.4, MPFR version 2.4.2, MPC version 0.8.1
GGC heuristics: --param ggc-min-expand=100 --param ggc-min-heapsize=131072
ignoring duplicate directory "c:/yagarto-20121222/lib/gcc/../../lib/gcc/arm-none-eabi/4.7.2/include"
ignoring duplicate directory "c:/yagarto-20121222/lib/gcc/../../lib/gcc/arm-none-eabi/4.7.2/include-fixed"
#include "..." search starts here:
#include <...> search starts here:
 c:\yagarto-20121222\bin\../lib/gcc/arm-none-eabi/4.7.2/include
 c:\yagarto-20121222\bin\../lib/gcc/arm-none-eabi/4.7.2/include-fixed
 c:/yagarto-20121222/lib/gcc/../../arm-none-eabi/sys-include
 c:/yagarto-20121222/lib/gcc/../../arm-none-eabi/include
End of search list.
GNU C (GCC) version 4.7.2 (arm-none-eabi)
	compiled by GNU C version 3.4.5 (mingw-vista special r3), GMP version 5.0.4, MPFR version 2.4.2, MPC version 0.8.1
GGC heuristics: --param ggc-min-expand=100 --param ggc-min-heapsize=131072
Compiler executable checksum: 43a4e0ba549537502d3fc875bfbb9ed3
COLLECT_GCC_OPTIONS='-O3' '-Wall' '-v' '-c' '-fmessage-length=0' '-MMD' '-MP' '-MF' 'deflate.d' '-MT' 'deflate.d' '-mcpu=arm1176jzf-s' '-o' 'deflate.o'
 c:/yagarto-20121222/bin/../lib/gcc/arm-none-eabi/4.7.2/../../../../arm-none-eabi/bin/as.exe -v -mcpu=arm1176jzf-s -meabi=5 -adhlns=deflate.o.lst -o deflate.o C:\Temp\ccTidynp.s
GNU assembler version 2.23.1 (arm-none-eabi) using BFD version (GNU Binutils) 2.23.1
COMPILER_PATH=c:/yagarto-20121222/bin/../libexec/gcc/arm-none-eabi/4.7.2/;c:/yagarto-20121222/bin/../libexec/gcc/;c:/yagarto-20121222/bin/../lib/gcc/arm-none-eabi/4.7.2/../../../../arm-none-eabi/bin/
Finished building: ../deflate.c
LIBRARY_PATH=c:/yagarto-20121222/bin/../lib/gcc/arm-none-eabi/4.7.2/;c:/yagarto-20121222/bin/../lib/gcc/;c:/yagarto-20121222/bin/../lib/gcc/arm-none-eabi/4.7.2/../../../../arm-none-eabi/lib/
COLLECT_GCC_OPTIONS='-O3' '-Wall' '-v' '-c' '-fmessage-length=0' '-MMD' '-MP' '-MF' 'deflate.d' '-MT' 'deflate.d' '-mcpu=arm1176jzf-s' '-o' 'deflate.o'
 
Building file: ../inffast.c
Invoking: ARM Yagarto Windows GCC C Compiler
arm-none-eabi-gcc -O3 -Wall -Wa,-adhlns="inffast.o.lst" -v -c -fmessage-length=0 -MMD -MP -MF"inffast.d" -MT"inffast.d" -mcpu=arm1176jzf-s -o "inffast.o" "../inffast.c"
Using built-in specs.
COLLECT_GCC=c:\yagarto-20121222\bin\arm-none-eabi-gcc.exe
Target: arm-none-eabi
Configured with: ../gcc-4.7.2/configure --target=arm-none-eabi --prefix=/home/yagarto/install --disable-shared --disable-nls --disable-threads --disable-libssp --disable-libstdcxx-pch --disable-libmudflap --disable-libgomp -v --enable-languages=c,c++ --enable-interwork --enable-multilib --with-gcc --with-gnu-ld --with-gnu-as --with-dwarf2 --with-newlib --with-headers=../newlib-1.20.0/newlib/libc/include --with-mpc=/home/yagarto/addontools --with-mpfr=/home/yagarto/addontools --with-gmp=/home/yagarto/addontools
Thread model: single
gcc version 4.7.2 (GCC) 
COLLECT_GCC_OPTIONS='-O3' '-Wall' '-v' '-c' '-fmessage-length=0' '-MMD' '-MP' '-MF' 'inffast.d' '-MT' 'inffast.d' '-mcpu=arm1176jzf-s' '-o' 'inffast.o'
 c:/yagarto-20121222/bin/../libexec/gcc/arm-none-eabi/4.7.2/cc1.exe -quiet -v -iprefix c:\yagarto-20121222\bin\../lib/gcc/arm-none-eabi/4.7.2/ -MMD inffast.d -MF inffast.d -MP -MT inffast.d -D__USES_INITFINI__ ../inffast.c -quiet -dumpbase inffast.c -mcpu=arm1176jzf-s -auxbase-strip inffast.o -O3 -Wall -version -fmessage-length=0 -o C:\Temp\ccyX58cf.s
GNU C (GCC) version 4.7.2 (arm-none-eabi)
	compiled by GNU C version 3.4.5 (mingw-vista special r3), GMP version 5.0.4, MPFR version 2.4.2, MPC version 0.8.1
GGC heuristics: --param ggc-min-expand=100 --param ggc-min-heapsize=131072
ignoring duplicate directory "c:/yagarto-20121222/lib/gcc/../../lib/gcc/arm-none-eabi/4.7.2/include"
ignoring duplicate directory "c:/yagarto-20121222/lib/gcc/../../lib/gcc/arm-none-eabi/4.7.2/include-fixed"
#include "..." search starts here:
#include <...> search starts here:
 c:\yagarto-20121222\bin\../lib/gcc/arm-none-eabi/4.7.2/include
 c:\yagarto-20121222\bin\../lib/gcc/arm-none-eabi/4.7.2/include-fixed
 c:/yagarto-20121222/lib/gcc/../../arm-none-eabi/sys-include
 c:/yagarto-20121222/lib/gcc/../../arm-none-eabi/include
End of search list.
GNU C (GCC) version 4.7.2 (arm-none-eabi)
	compiled by GNU C version 3.4.5 (mingw-vista special r3), GMP version 5.0.4, MPFR version 2.4.2, MPC version 0.8.1
GGC heuristics: --param ggc-min-expand=100 --param ggc-min-heapsize=131072
Compiler executable checksum: 43a4e0ba549537502d3fc875bfbb9ed3
COLLECT_GCC_OPTIONS='-O3' '-Wall' '-v' '-c' '-fmessage-length=0' '-MMD' '-MP' '-MF' 'inffast.d' '-MT' 'inffast.d' '-mcpu=arm1176jzf-s' '-o' 'inffast.o'
 c:/yagarto-20121222/bin/../lib/gcc/arm-none-eabi/4.7.2/../../../../arm-none-eabi/bin/as.exe -v -mcpu=arm1176jzf-s -meabi=5 -adhlns=inffast.o.lst -o inffast.o C:\Temp\ccyX58cf.s
GNU assembler version 2.23.1 (arm-none-eabi) using BFD version (GNU Binutils) 2.23.1
COMPILER_PATH=c:/yagarto-20121222/bin/../libexec/gcc/arm-none-eabi/4.7.2/;c:/yagarto-20121222/bin/../libexec/gcc/;c:/yagarto-20121222/bin/../lib/gcc/arm-none-eabi/4.7.2/../../../../arm-none-eabi/bin/
Finished building: ../inffast.c
LIBRARY_PATH=c:/yagarto-20121222/bin/../lib/gcc/arm-none-eabi/4.7.2/;c:/yagarto-20121222/bin/../lib/gcc/;c:/yagarto-20121222/bin/../lib/gcc/arm-none-eabi/4.7.2/../../../../arm-none-eabi/lib/
 
COLLECT_GCC_OPTIONS='-O3' '-Wall' '-v' '-c' '-fmessage-length=0' '-MMD' '-MP' '-MF' 'inffast.d' '-MT' 'inffast.d' '-mcpu=arm1176jzf-s' '-o' 'inffast.o'
Building file: ../inflate.c
Invoking: ARM Yagarto Windows GCC C Compiler
arm-none-eabi-gcc -O3 -Wall -Wa,-adhlns="inflate.o.lst" -v -c -fmessage-length=0 -MMD -MP -MF"inflate.d" -MT"inflate.d" -mcpu=arm1176jzf-s -o "inflate.o" "../inflate.c"
Using built-in specs.
COLLECT_GCC=c:\yagarto-20121222\bin\arm-none-eabi-gcc.exe
Target: arm-none-eabi
Configured with: ../gcc-4.7.2/configure --target=arm-none-eabi --prefix=/home/yagarto/install --disable-shared --disable-nls --disable-threads --disable-libssp --disable-libstdcxx-pch --disable-libmudflap --disable-libgomp -v --enable-languages=c,c++ --enable-interwork --enable-multilib --with-gcc --with-gnu-ld --with-gnu-as --with-dwarf2 --with-newlib --with-headers=../newlib-1.20.0/newlib/libc/include --with-mpc=/home/yagarto/addontools --with-mpfr=/home/yagarto/addontools --with-gmp=/home/yagarto/addontools
Thread model: single
gcc version 4.7.2 (GCC) 
COLLECT_GCC_OPTIONS='-O3' '-Wall' '-v' '-c' '-fmessage-length=0' '-MMD' '-MP' '-MF' 'inflate.d' '-MT' 'inflate.d' '-mcpu=arm1176jzf-s' '-o' 'inflate.o'
 c:/yagarto-20121222/bin/../libexec/gcc/arm-none-eabi/4.7.2/cc1.exe -quiet -v -iprefix c:\yagarto-20121222\bin\../lib/gcc/arm-none-eabi/4.7.2/ -MMD inflate.d -MF inflate.d -MP -MT inflate.d -D__USES_INITFINI__ ../inflate.c -quiet -dumpbase inflate.c -mcpu=arm1176jzf-s -auxbase-strip inflate.o -O3 -Wall -version -fmessage-length=0 -o C:\Temp\ccdUsgZL.s
GNU C (GCC) version 4.7.2 (arm-none-eabi)
	compiled by GNU C version 3.4.5 (mingw-vista special r3), GMP version 5.0.4, MPFR version 2.4.2, MPC version 0.8.1
GGC heuristics: --param ggc-min-expand=100 --param ggc-min-heapsize=131072
ignoring duplicate directory "c:/yagarto-20121222/lib/gcc/../../lib/gcc/arm-none-eabi/4.7.2/include"
ignoring duplicate directory "c:/yagarto-20121222/lib/gcc/../../lib/gcc/arm-none-eabi/4.7.2/include-fixed"
#include "..." search starts here:
#include <...> search starts here:
 c:\yagarto-20121222\bin\../lib/gcc/arm-none-eabi/4.7.2/include
 c:\yagarto-20121222\bin\../lib/gcc/arm-none-eabi/4.7.2/include-fixed
 c:/yagarto-20121222/lib/gcc/../../arm-none-eabi/sys-include
 c:/yagarto-20121222/lib/gcc/../../arm-none-eabi/include
End of search list.
GNU C (GCC) version 4.7.2 (arm-none-eabi)
	compiled by GNU C version 3.4.5 (mingw-vista special r3), GMP version 5.0.4, MPFR version 2.4.2, MPC version 0.8.1
GGC heuristics: --param ggc-min-expand=100 --param ggc-min-heapsize=131072
Compiler executable checksum: 43a4e0ba549537502d3fc875bfbb9ed3
COLLECT_GCC_OPTIONS='-O3' '-Wall' '-v' '-c' '-fmessage-length=0' '-MMD' '-MP' '-MF' 'inflate.d' '-MT' 'inflate.d' '-mcpu=arm1176jzf-s' '-o' 'inflate.o'
 c:/yagarto-20121222/bin/../lib/gcc/arm-none-eabi/4.7.2/../../../../arm-none-eabi/bin/as.exe -v -mcpu=arm1176jzf-s -meabi=5 -adhlns=inflate.o.lst -o inflate.o C:\Temp\ccdUsgZL.s
GNU assembler version 2.23.1 (arm-none-eabi) using BFD version (GNU Binutils) 2.23.1
COMPILER_PATH=c:/yagarto-20121222/bin/../libexec/gcc/arm-none-eabi/4.7.2/;c:/yagarto-20121222/bin/../libexec/gcc/;c:/yagarto-20121222/bin/../lib/gcc/arm-none-eabi/4.7.2/../../../../arm-none-eabi/bin/
LIBRARY_PATH=c:/yagarto-20121222/bin/../lib/gcc/arm-none-eabi/4.7.2/;c:/yagarto-20121222/bin/../lib/gcc/;c:/yagarto-20121222/bin/../lib/gcc/arm-none-eabi/4.7.2/../../../../arm-none-eabi/lib/
Finished building: ../inflate.c
COLLECT_GCC_OPTIONS='-O3' '-Wall' '-v' '-c' '-fmessage-length=0' '-MMD' '-MP' '-MF' 'inflate.d' '-MT' 'inflate.d' '-mcpu=arm1176jzf-s' '-o' 'inflate.o'
 
Building file: ../inftrees.c
Invoking: ARM Yagarto Windows GCC C Compiler
arm-none-eabi-gcc -O3 -Wall -Wa,-adhlns="inftrees.o.lst" -v -c -fmessage-length=0 -MMD -MP -MF"inftrees.d" -MT"inftrees.d" -mcpu=arm1176jzf-s -o "inftrees.o" "../inftrees.c"
Using built-in specs.
COLLECT_GCC=c:\yagarto-20121222\bin\arm-none-eabi-gcc.exe
Target: arm-none-eabi
Configured with: ../gcc-4.7.2/configure --target=arm-none-eabi --prefix=/home/yagarto/install --disable-shared --disable-nls --disable-threads --disable-libssp --disable-libstdcxx-pch --disable-libmudflap --disable-libgomp -v --enable-languages=c,c++ --enable-interwork --enable-multilib --with-gcc --with-gnu-ld --with-gnu-as --with-dwarf2 --with-newlib --with-headers=../newlib-1.20.0/newlib/libc/include --with-mpc=/home/yagarto/addontools --with-mpfr=/home/yagarto/addontools --with-gmp=/home/yagarto/addontools
Thread model: single
gcc version 4.7.2 (GCC) 
COLLECT_GCC_OPTIONS='-O3' '-Wall' '-v' '-c' '-fmessage-length=0' '-MMD' '-MP' '-MF' 'inftrees.d' '-MT' 'inftrees.d' '-mcpu=arm1176jzf-s' '-o' 'inftrees.o'
 c:/yagarto-20121222/bin/../libexec/gcc/arm-none-eabi/4.7.2/cc1.exe -quiet -v -iprefix c:\yagarto-20121222\bin\../lib/gcc/arm-none-eabi/4.7.2/ -MMD inftrees.d -MF inftrees.d -MP -MT inftrees.d -D__USES_INITFINI__ ../inftrees.c -quiet -dumpbase inftrees.c -mcpu=arm1176jzf-s -auxbase-strip inftrees.o -O3 -Wall -version -fmessage-length=0 -o C:\Temp\ccXCJEci.s
GNU C (GCC) version 4.7.2 (arm-none-eabi)
	compiled by GNU C version 3.4.5 (mingw-vista special r3), GMP version 5.0.4, MPFR version 2.4.2, MPC version 0.8.1
GGC heuristics: --param ggc-min-expand=100 --param ggc-min-heapsize=131072
ignoring duplicate directory "c:/yagarto-20121222/lib/gcc/../../lib/gcc/arm-none-eabi/4.7.2/include"
ignoring duplicate directory "c:/yagarto-20121222/lib/gcc/../../lib/gcc/arm-none-eabi/4.7.2/include-fixed"
#include "..." search starts here:
#include <...> search starts here:
 c:\yagarto-20121222\bin\../lib/gcc/arm-none-eabi/4.7.2/include
 c:\yagarto-20121222\bin\../lib/gcc/arm-none-eabi/4.7.2/include-fixed
 c:/yagarto-20121222/lib/gcc/../../arm-none-eabi/sys-include
 c:/yagarto-20121222/lib/gcc/../../arm-none-eabi/include
End of search list.
GNU C (GCC) version 4.7.2 (arm-none-eabi)
	compiled by GNU C version 3.4.5 (mingw-vista special r3), GMP version 5.0.4, MPFR version 2.4.2, MPC version 0.8.1
GGC heuristics: --param ggc-min-expand=100 --param ggc-min-heapsize=131072
Compiler executable checksum: 43a4e0ba549537502d3fc875bfbb9ed3
COLLECT_GCC_OPTIONS='-O3' '-Wall' '-v' '-c' '-fmessage-length=0' '-MMD' '-MP' '-MF' 'inftrees.d' '-MT' 'inftrees.d' '-mcpu=arm1176jzf-s' '-o' 'inftrees.o'
 c:/yagarto-20121222/bin/../lib/gcc/arm-none-eabi/4.7.2/../../../../arm-none-eabi/bin/as.exe -v -mcpu=arm1176jzf-s -meabi=5 -adhlns=inftrees.o.lst -o inftrees.o C:\Temp\ccXCJEci.s
Finished building: ../inftrees.c
GNU assembler version 2.23.1 (arm-none-eabi) using BFD version (GNU Binutils) 2.23.1
 
COMPILER_PATH=c:/yagarto-20121222/bin/../libexec/gcc/arm-none-eabi/4.7.2/;c:/yagarto-20121222/bin/../libexec/gcc/;c:/yagarto-20121222/bin/../lib/gcc/arm-none-eabi/4.7.2/../../../../arm-none-eabi/bin/
Building file: ../trees.c
LIBRARY_PATH=c:/yagarto-20121222/bin/../lib/gcc/arm-none-eabi/4.7.2/;c:/yagarto-20121222/bin/../lib/gcc/;c:/yagarto-20121222/bin/../lib/gcc/arm-none-eabi/4.7.2/../../../../arm-none-eabi/lib/
Invoking: ARM Yagarto Windows GCC C Compiler
COLLECT_GCC_OPTIONS='-O3' '-Wall' '-v' '-c' '-fmessage-length=0' '-MMD' '-MP' '-MF' 'inftrees.d' '-MT' 'inftrees.d' '-mcpu=arm1176jzf-s' '-o' 'inftrees.o'
arm-none-eabi-gcc -O3 -Wall -Wa,-adhlns="trees.o.lst" -v -c -fmessage-length=0 -MMD -MP -MF"trees.d" -MT"trees.d" -mcpu=arm1176jzf-s -o "trees.o" "../trees.c"
Using built-in specs.
COLLECT_GCC=c:\yagarto-20121222\bin\arm-none-eabi-gcc.exe
Target: arm-none-eabi
Configured with: ../gcc-4.7.2/configure --target=arm-none-eabi --prefix=/home/yagarto/install --disable-shared --disable-nls --disable-threads --disable-libssp --disable-libstdcxx-pch --disable-libmudflap --disable-libgomp -v --enable-languages=c,c++ --enable-interwork --enable-multilib --with-gcc --with-gnu-ld --with-gnu-as --with-dwarf2 --with-newlib --with-headers=../newlib-1.20.0/newlib/libc/include --with-mpc=/home/yagarto/addontools --with-mpfr=/home/yagarto/addontools --with-gmp=/home/yagarto/addontools
Thread model: single
gcc version 4.7.2 (GCC) 
COLLECT_GCC_OPTIONS='-O3' '-Wall' '-v' '-c' '-fmessage-length=0' '-MMD' '-MP' '-MF' 'trees.d' '-MT' 'trees.d' '-mcpu=arm1176jzf-s' '-o' 'trees.o'
 c:/yagarto-20121222/bin/../libexec/gcc/arm-none-eabi/4.7.2/cc1.exe -quiet -v -iprefix c:\yagarto-20121222\bin\../lib/gcc/arm-none-eabi/4.7.2/ -MMD trees.d -MF trees.d -MP -MT trees.d -D__USES_INITFINI__ ../trees.c -quiet -dumpbase trees.c -mcpu=arm1176jzf-s -auxbase-strip trees.o -O3 -Wall -version -fmessage-length=0 -o C:\Temp\ccLOvsRX.s
GNU C (GCC) version 4.7.2 (arm-none-eabi)
	compiled by GNU C version 3.4.5 (mingw-vista special r3), GMP version 5.0.4, MPFR version 2.4.2, MPC version 0.8.1
GGC heuristics: --param ggc-min-expand=100 --param ggc-min-heapsize=131072
ignoring duplicate directory "c:/yagarto-20121222/lib/gcc/../../lib/gcc/arm-none-eabi/4.7.2/include"
ignoring duplicate directory "c:/yagarto-20121222/lib/gcc/../../lib/gcc/arm-none-eabi/4.7.2/include-fixed"
#include "..." search starts here:
#include <...> search starts here:
 c:\yagarto-20121222\bin\../lib/gcc/arm-none-eabi/4.7.2/include
 c:\yagarto-20121222\bin\../lib/gcc/arm-none-eabi/4.7.2/include-fixed
 c:/yagarto-20121222/lib/gcc/../../arm-none-eabi/sys-include
 c:/yagarto-20121222/lib/gcc/../../arm-none-eabi/include
End of search list.
GNU C (GCC) version 4.7.2 (arm-none-eabi)
	compiled by GNU C version 3.4.5 (mingw-vista special r3), GMP version 5.0.4, MPFR version 2.4.2, MPC version 0.8.1
GGC heuristics: --param ggc-min-expand=100 --param ggc-min-heapsize=131072
Compiler executable checksum: 43a4e0ba549537502d3fc875bfbb9ed3
COLLECT_GCC_OPTIONS='-O3' '-Wall' '-v' '-c' '-fmessage-length=0' '-MMD' '-MP' '-MF' 'trees.d' '-MT' 'trees.d' '-mcpu=arm1176jzf-s' '-o' 'trees.o'
 c:/yagarto-20121222/bin/../lib/gcc/arm-none-eabi/4.7.2/../../../../arm-none-eabi/bin/as.exe -v -mcpu=arm1176jzf-s -meabi=5 -adhlns=trees.o.lst -o trees.o C:\Temp\ccLOvsRX.s
GNU assembler version 2.23.1 (arm-none-eabi) using BFD version (GNU Binutils) 2.23.1
COMPILER_PATH=c:/yagarto-20121222/bin/../libexec/gcc/arm-none-eabi/4.7.2/;c:/yagarto-20121222/bin/../libexec/gcc/;c:/yagarto-20121222/bin/../lib/gcc/arm-none-eabi/4.7.2/../../../../arm-none-eabi/bin/
LIBRARY_PATH=c:/yagarto-20121222/bin/../lib/gcc/arm-none-eabi/4.7.2/;c:/yagarto-20121222/bin/../lib/gcc/;c:/yagarto-20121222/bin/../lib/gcc/arm-none-eabi/4.7.2/../../../../arm-none-eabi/lib/
COLLECT_GCC_OPTIONS='-O3' '-Wall' '-v' '-c' '-fmessage-length=0' '-MMD' '-MP' '-MF' 'trees.d' '-MT' 'trees.d' '-mcpu=arm1176jzf-s' '-o' 'trees.o'
Finished building: ../trees.c
 
Building file: ../uart.c
Invoking: ARM Yagarto Windows GCC C Compiler
arm-none-eabi-gcc -O3 -Wall -Wa,-adhlns="uart.o.lst" -v -c -fmessage-length=0 -MMD -MP -MF"uart.d" -MT"uart.d" -mcpu=arm1176jzf-s -o "uart.o" "../uart.c"
Using built-in specs.
COLLECT_GCC=c:\yagarto-20121222\bin\arm-none-eabi-gcc.exe
Target: arm-none-eabi
Configured with: ../gcc-4.7.2/configure --target=arm-none-eabi --prefix=/home/yagarto/install --disable-shared --disable-nls --disable-threads --disable-libssp --disable-libstdcxx-pch --disable-libmudflap --disable-libgomp -v --enable-languages=c,c++ --enable-interwork --enable-multilib --with-gcc --with-gnu-ld --with-gnu-as --with-dwarf2 --with-newlib --with-headers=../newlib-1.20.0/newlib/libc/include --with-mpc=/home/yagarto/addontools --with-mpfr=/home/yagarto/addontools --with-gmp=/home/yagarto/addontools
Thread model: single
gcc version 4.7.2 (GCC) 
COLLECT_GCC_OPTIONS='-O3' '-Wall' '-v' '-c' '-fmessage-length=0' '-MMD' '-MP' '-MF' 'uart.d' '-MT' 'uart.d' '-mcpu=arm1176jzf-s' '-o' 'uart.o'
 c:/yagarto-20121222/bin/../libexec/gcc/arm-none-eabi/4.7.2/cc1.exe -quiet -v -iprefix c:\yagarto-20121222\bin\../lib/gcc/arm-none-eabi/4.7.2/ -MMD uart.d -MF uart.d -MP -MT uart.d -D__USES_INITFINI__ ../uart.c -quiet -dumpbase uart.c -mcpu=arm1176jzf-s -auxbase-strip uart.o -O3 -Wall -version -fmessage-length=0 -o C:\Temp\cc3EOBcd.s
GNU C (GCC) version 4.7.2 (arm-none-eabi)
	compiled by GNU C version 3.4.5 (mingw-vista special r3), GMP version 5.0.4, MPFR version 2.4.2, MPC version 0.8.1
GGC heuristics: --param ggc-min-expand=100 --param ggc-min-heapsize=131072
ignoring duplicate directory "c:/yagarto-20121222/lib/gcc/../../lib/gcc/arm-none-eabi/4.7.2/include"
ignoring duplicate directory "c:/yagarto-20121222/lib/gcc/../../lib/gcc/arm-none-eabi/4.7.2/include-fixed"
#include "..." search starts here:
#include <...> search starts here:
 c:\yagarto-20121222\bin\../lib/gcc/arm-none-eabi/4.7.2/include
 c:\yagarto-20121222\bin\../lib/gcc/arm-none-eabi/4.7.2/include-fixed
 c:/yagarto-20121222/lib/gcc/../../arm-none-eabi/sys-include
 c:/yagarto-20121222/lib/gcc/../../arm-none-eabi/include
End of search list.
GNU C (GCC) version 4.7.2 (arm-none-eabi)
	compiled by GNU C version 3.4.5 (mingw-vista special r3), GMP version 5.0.4, MPFR version 2.4.2, MPC version 0.8.1
GGC heuristics: --param ggc-min-expand=100 --param ggc-min-heapsize=131072
Compiler executable checksum: 43a4e0ba549537502d3fc875bfbb9ed3
COLLECT_GCC_OPTIONS='-O3' '-Wall' '-v' '-c' '-fmessage-length=0' '-MMD' '-MP' '-MF' 'uart.d' '-MT' 'uart.d' '-mcpu=arm1176jzf-s' '-o' 'uart.o'
 c:/yagarto-20121222/bin/../lib/gcc/arm-none-eabi/4.7.2/../../../../arm-none-eabi/bin/as.exe -v -mcpu=arm1176jzf-s -meabi=5 -adhlns=uart.o.lst -o uart.o C:\Temp\cc3EOBcd.s
Finished building: ../uart.c
GNU assembler version 2.23.1 (arm-none-eabi) using BFD version (GNU Binutils) 2.23.1
 
COMPILER_PATH=c:/yagarto-20121222/bin/../libexec/gcc/arm-none-eabi/4.7.2/;c:/yagarto-20121222/bin/../libexec/gcc/;c:/yagarto-20121222/bin/../lib/gcc/arm-none-eabi/4.7.2/../../../../arm-none-eabi/bin/
LIBRARY_PATH=c:/yagarto-20121222/bin/../lib/gcc/arm-none-eabi/4.7.2/;c:/yagarto-20121222/bin/../lib/gcc/;c:/yagarto-20121222/bin/../lib/gcc/arm-none-eabi/4.7.2/../../../../arm-none-eabi/lib/
COLLECT_GCC_OPTIONS='-O3' '-Wall' '-v' '-c' '-fmessage-length=0' '-MMD' '-MP' '-MF' 'uart.d' '-MT' 'uart.d' '-mcpu=arm1176jzf-s' '-o' 'uart.o'
Building file: ../uncompr.c
Invoking: ARM Yagarto Windows GCC C Compiler
arm-none-eabi-gcc -O3 -Wall -Wa,-adhlns="uncompr.o.lst" -v -c -fmessage-length=0 -MMD -MP -MF"uncompr.d" -MT"uncompr.d" -mcpu=arm1176jzf-s -o "uncompr.o" "../uncompr.c"
Using built-in specs.
COLLECT_GCC=c:\yagarto-20121222\bin\arm-none-eabi-gcc.exe
Target: arm-none-eabi
Configured with: ../gcc-4.7.2/configure --target=arm-none-eabi --prefix=/home/yagarto/install --disable-shared --disable-nls --disable-threads --disable-libssp --disable-libstdcxx-pch --disable-libmudflap --disable-libgomp -v --enable-languages=c,c++ --enable-interwork --enable-multilib --with-gcc --with-gnu-ld --with-gnu-as --with-dwarf2 --with-newlib --with-headers=../newlib-1.20.0/newlib/libc/include --with-mpc=/home/yagarto/addontools --with-mpfr=/home/yagarto/addontools --with-gmp=/home/yagarto/addontools
Thread model: single
gcc version 4.7.2 (GCC) 
COLLECT_GCC_OPTIONS='-O3' '-Wall' '-v' '-c' '-fmessage-length=0' '-MMD' '-MP' '-MF' 'uncompr.d' '-MT' 'uncompr.d' '-mcpu=arm1176jzf-s' '-o' 'uncompr.o'
 c:/yagarto-20121222/bin/../libexec/gcc/arm-none-eabi/4.7.2/cc1.exe -quiet -v -iprefix c:\yagarto-20121222\bin\../lib/gcc/arm-none-eabi/4.7.2/ -MMD uncompr.d -MF uncompr.d -MP -MT uncompr.d -D__USES_INITFINI__ ../uncompr.c -quiet -dumpbase uncompr.c -mcpu=arm1176jzf-s -auxbase-strip uncompr.o -O3 -Wall -version -fmessage-length=0 -o C:\Temp\ccfhBS3Q.s
GNU C (GCC) version 4.7.2 (arm-none-eabi)
	compiled by GNU C version 3.4.5 (mingw-vista special r3), GMP version 5.0.4, MPFR version 2.4.2, MPC version 0.8.1
GGC heuristics: --param ggc-min-expand=100 --param ggc-min-heapsize=131072
ignoring duplicate directory "c:/yagarto-20121222/lib/gcc/../../lib/gcc/arm-none-eabi/4.7.2/include"
ignoring duplicate directory "c:/yagarto-20121222/lib/gcc/../../lib/gcc/arm-none-eabi/4.7.2/include-fixed"
#include "..." search starts here:
#include <...> search starts here:
 c:\yagarto-20121222\bin\../lib/gcc/arm-none-eabi/4.7.2/include
 c:\yagarto-20121222\bin\../lib/gcc/arm-none-eabi/4.7.2/include-fixed
 c:/yagarto-20121222/lib/gcc/../../arm-none-eabi/sys-include
 c:/yagarto-20121222/lib/gcc/../../arm-none-eabi/include
End of search list.
GNU C (GCC) version 4.7.2 (arm-none-eabi)
	compiled by GNU C version 3.4.5 (mingw-vista special r3), GMP version 5.0.4, MPFR version 2.4.2, MPC version 0.8.1
GGC heuristics: --param ggc-min-expand=100 --param ggc-min-heapsize=131072
Compiler executable checksum: 43a4e0ba549537502d3fc875bfbb9ed3
COLLECT_GCC_OPTIONS='-O3' '-Wall' '-v' '-c' '-fmessage-length=0' '-MMD' '-MP' '-MF' 'uncompr.d' '-MT' 'uncompr.d' '-mcpu=arm1176jzf-s' '-o' 'uncompr.o'
 c:/yagarto-20121222/bin/../lib/gcc/arm-none-eabi/4.7.2/../../../../arm-none-eabi/bin/as.exe -v -mcpu=arm1176jzf-s -meabi=5 -adhlns=uncompr.o.lst -o uncompr.o C:\Temp\ccfhBS3Q.s
Finished building: ../uncompr.c
GNU assembler version 2.23.1 (arm-none-eabi) using BFD version (GNU Binutils) 2.23.1
 
COMPILER_PATH=c:/yagarto-20121222/bin/../libexec/gcc/arm-none-eabi/4.7.2/;c:/yagarto-20121222/bin/../libexec/gcc/;c:/yagarto-20121222/bin/../lib/gcc/arm-none-eabi/4.7.2/../../../../arm-none-eabi/bin/
Building file: ../zlibtest.c
LIBRARY_PATH=c:/yagarto-20121222/bin/../lib/gcc/arm-none-eabi/4.7.2/;c:/yagarto-20121222/bin/../lib/gcc/;c:/yagarto-20121222/bin/../lib/gcc/arm-none-eabi/4.7.2/../../../../arm-none-eabi/lib/
Invoking: ARM Yagarto Windows GCC C Compiler
COLLECT_GCC_OPTIONS='-O3' '-Wall' '-v' '-c' '-fmessage-length=0' '-MMD' '-MP' '-MF' 'uncompr.d' '-MT' 'uncompr.d' '-mcpu=arm1176jzf-s' '-o' 'uncompr.o'
arm-none-eabi-gcc -O3 -Wall -Wa,-adhlns="zlibtest.o.lst" -v -c -fmessage-length=0 -MMD -MP -MF"zlibtest.d" -MT"zlibtest.d" -mcpu=arm1176jzf-s -o "zlibtest.o" "../zlibtest.c"
Using built-in specs.
COLLECT_GCC=c:\yagarto-20121222\bin\arm-none-eabi-gcc.exe
Target: arm-none-eabi
Configured with: ../gcc-4.7.2/configure --target=arm-none-eabi --prefix=/home/yagarto/install --disable-shared --disable-nls --disable-threads --disable-libssp --disable-libstdcxx-pch --disable-libmudflap --disable-libgomp -v --enable-languages=c,c++ --enable-interwork --enable-multilib --with-gcc --with-gnu-ld --with-gnu-as --with-dwarf2 --with-newlib --with-headers=../newlib-1.20.0/newlib/libc/include --with-mpc=/home/yagarto/addontools --with-mpfr=/home/yagarto/addontools --with-gmp=/home/yagarto/addontools
Thread model: single
gcc version 4.7.2 (GCC) 
COLLECT_GCC_OPTIONS='-O3' '-Wall' '-v' '-c' '-fmessage-length=0' '-MMD' '-MP' '-MF' 'zlibtest.d' '-MT' 'zlibtest.d' '-mcpu=arm1176jzf-s' '-o' 'zlibtest.o'
 c:/yagarto-20121222/bin/../libexec/gcc/arm-none-eabi/4.7.2/cc1.exe -quiet -v -iprefix c:\yagarto-20121222\bin\../lib/gcc/arm-none-eabi/4.7.2/ -MMD zlibtest.d -MF zlibtest.d -MP -MT zlibtest.d -D__USES_INITFINI__ ../zlibtest.c -quiet -dumpbase zlibtest.c -mcpu=arm1176jzf-s -auxbase-strip zlibtest.o -O3 -Wall -version -fmessage-length=0 -o C:\Temp\ccWQRVbk.s
GNU C (GCC) version 4.7.2 (arm-none-eabi)
	compiled by GNU C version 3.4.5 (mingw-vista special r3), GMP version 5.0.4, MPFR version 2.4.2, MPC version 0.8.1
GGC heuristics: --param ggc-min-expand=100 --param ggc-min-heapsize=131072
ignoring duplicate directory "c:/yagarto-20121222/lib/gcc/../../lib/gcc/arm-none-eabi/4.7.2/include"
ignoring duplicate directory "c:/yagarto-20121222/lib/gcc/../../lib/gcc/arm-none-eabi/4.7.2/include-fixed"
#include "..." search starts here:
#include <...> search starts here:
 c:\yagarto-20121222\bin\../lib/gcc/arm-none-eabi/4.7.2/include
 c:\yagarto-20121222\bin\../lib/gcc/arm-none-eabi/4.7.2/include-fixed
 c:/yagarto-20121222/lib/gcc/../../arm-none-eabi/sys-include
 c:/yagarto-20121222/lib/gcc/../../arm-none-eabi/include
End of search list.
GNU C (GCC) version 4.7.2 (arm-none-eabi)
	compiled by GNU C version 3.4.5 (mingw-vista special r3), GMP version 5.0.4, MPFR version 2.4.2, MPC version 0.8.1
GGC heuristics: --param ggc-min-expand=100 --param ggc-min-heapsize=131072
Compiler executable checksum: 43a4e0ba549537502d3fc875bfbb9ed3
COLLECT_GCC_OPTIONS='-O3' '-Wall' '-v' '-c' '-fmessage-length=0' '-MMD' '-MP' '-MF' 'zlibtest.d' '-MT' 'zlibtest.d' '-mcpu=arm1176jzf-s' '-o' 'zlibtest.o'
 c:/yagarto-20121222/bin/../lib/gcc/arm-none-eabi/4.7.2/../../../../arm-none-eabi/bin/as.exe -v -mcpu=arm1176jzf-s -meabi=5 -adhlns=zlibtest.o.lst -o zlibtest.o C:\Temp\ccWQRVbk.s
GNU assembler version 2.23.1 (arm-none-eabi) using BFD version (GNU Binutils) 2.23.1
COMPILER_PATH=c:/yagarto-20121222/bin/../libexec/gcc/arm-none-eabi/4.7.2/;c:/yagarto-20121222/bin/../libexec/gcc/;c:/yagarto-20121222/bin/../lib/gcc/arm-none-eabi/4.7.2/../../../../arm-none-eabi/bin/
Finished building: ../zlibtest.c
LIBRARY_PATH=c:/yagarto-20121222/bin/../lib/gcc/arm-none-eabi/4.7.2/;c:/yagarto-20121222/bin/../lib/gcc/;c:/yagarto-20121222/bin/../lib/gcc/arm-none-eabi/4.7.2/../../../../arm-none-eabi/lib/
 
COLLECT_GCC_OPTIONS='-O3' '-Wall' '-v' '-c' '-fmessage-length=0' '-MMD' '-MP' '-MF' 'zlibtest.d' '-MT' 'zlibtest.d' '-mcpu=arm1176jzf-s' '-o' 'zlibtest.o'
Building file: ../zutil.c
Invoking: ARM Yagarto Windows GCC C Compiler
arm-none-eabi-gcc -O3 -Wall -Wa,-adhlns="zutil.o.lst" -v -c -fmessage-length=0 -MMD -MP -MF"zutil.d" -MT"zutil.d" -mcpu=arm1176jzf-s -o "zutil.o" "../zutil.c"
Using built-in specs.
COLLECT_GCC=c:\yagarto-20121222\bin\arm-none-eabi-gcc.exe
Target: arm-none-eabi
Configured with: ../gcc-4.7.2/configure --target=arm-none-eabi --prefix=/home/yagarto/install --disable-shared --disable-nls --disable-threads --disable-libssp --disable-libstdcxx-pch --disable-libmudflap --disable-libgomp -v --enable-languages=c,c++ --enable-interwork --enable-multilib --with-gcc --with-gnu-ld --with-gnu-as --with-dwarf2 --with-newlib --with-headers=../newlib-1.20.0/newlib/libc/include --with-mpc=/home/yagarto/addontools --with-mpfr=/home/yagarto/addontools --with-gmp=/home/yagarto/addontools
Thread model: single
gcc version 4.7.2 (GCC) 
COLLECT_GCC_OPTIONS='-O3' '-Wall' '-v' '-c' '-fmessage-length=0' '-MMD' '-MP' '-MF' 'zutil.d' '-MT' 'zutil.d' '-mcpu=arm1176jzf-s' '-o' 'zutil.o'
 c:/yagarto-20121222/bin/../libexec/gcc/arm-none-eabi/4.7.2/cc1.exe -quiet -v -iprefix c:\yagarto-20121222\bin\../lib/gcc/arm-none-eabi/4.7.2/ -MMD zutil.d -MF zutil.d -MP -MT zutil.d -D__USES_INITFINI__ ../zutil.c -quiet -dumpbase zutil.c -mcpu=arm1176jzf-s -auxbase-strip zutil.o -O3 -Wall -version -fmessage-length=0 -o C:\Temp\ccncOeva.s
GNU C (GCC) version 4.7.2 (arm-none-eabi)
	compiled by GNU C version 3.4.5 (mingw-vista special r3), GMP version 5.0.4, MPFR version 2.4.2, MPC version 0.8.1
GGC heuristics: --param ggc-min-expand=100 --param ggc-min-heapsize=131072
ignoring duplicate directory "c:/yagarto-20121222/lib/gcc/../../lib/gcc/arm-none-eabi/4.7.2/include"
ignoring duplicate directory "c:/yagarto-20121222/lib/gcc/../../lib/gcc/arm-none-eabi/4.7.2/include-fixed"
#include "..." search starts here:
#include <...> search starts here:
 c:\yagarto-20121222\bin\../lib/gcc/arm-none-eabi/4.7.2/include
 c:\yagarto-20121222\bin\../lib/gcc/arm-none-eabi/4.7.2/include-fixed
 c:/yagarto-20121222/lib/gcc/../../arm-none-eabi/sys-include
 c:/yagarto-20121222/lib/gcc/../../arm-none-eabi/include
End of search list.
GNU C (GCC) version 4.7.2 (arm-none-eabi)
	compiled by GNU C version 3.4.5 (mingw-vista special r3), GMP version 5.0.4, MPFR version 2.4.2, MPC version 0.8.1
GGC heuristics: --param ggc-min-expand=100 --param ggc-min-heapsize=131072
Compiler executable checksum: 43a4e0ba549537502d3fc875bfbb9ed3
COLLECT_GCC_OPTIONS='-O3' '-Wall' '-v' '-c' '-fmessage-length=0' '-MMD' '-MP' '-MF' 'zutil.d' '-MT' 'zutil.d' '-mcpu=arm1176jzf-s' '-o' 'zutil.o'
 c:/yagarto-20121222/bin/../lib/gcc/arm-none-eabi/4.7.2/../../../../arm-none-eabi/bin/as.exe -v -mcpu=arm1176jzf-s -meabi=5 -adhlns=zutil.o.lst -o zutil.o C:\Temp\ccncOeva.s
Finished building: ../zutil.c
GNU assembler version 2.23.1 (arm-none-eabi) using BFD version (GNU Binutils) 2.23.1
COMPILER_PATH=c:/yagarto-20121222/bin/../libexec/gcc/arm-none-eabi/4.7.2/;c:/yagarto-20121222/bin/../libexec/gcc/;c:/yagarto-20121222/bin/../lib/gcc/arm-none-eabi/4.7.2/../../../../arm-none-eabi/bin/
 
LIBRARY_PATH=c:/yagarto-20121222/bin/../lib/gcc/arm-none-eabi/4.7.2/;c:/yagarto-20121222/bin/../lib/gcc/;c:/yagarto-20121222/bin/../lib/gcc/arm-none-eabi/4.7.2/../../../../arm-none-eabi/lib/
Building target: zlib.elf
COLLECT_GCC_OPTIONS='-O3' '-Wall' '-v' '-c' '-fmessage-length=0' '-MMD' '-MP' '-MF' 'zutil.d' '-MT' 'zutil.d' '-mcpu=arm1176jzf-s' '-o' 'zutil.o'
Invoking: ARM Yagarto Windows GCC C Linker
arm-none-eabi-gcc -T"../memmap" -nostartfiles -nodefaultlibs -nostdlib -Wl,-Map,zlib.map -Xlinker --cref -Xlinker --print-map -v -mcpu=arm1176jzf-s -o "zlib.elf"  ./_vectors.o ./adler32.o ./compress.o ./crc32.o ./deflate.o ./inffast.o ./inflate.o ./inftrees.o ./trees.o ./uart.o ./uncompr.o ./zlibtest.o ./zutil.o   
Using built-in specs.
COLLECT_GCC=c:\yagarto-20121222\bin\arm-none-eabi-gcc.exe
COLLECT_LTO_WRAPPER=c:/yagarto-20121222/bin/../libexec/gcc/arm-none-eabi/4.7.2/lto-wrapper.exe
Target: arm-none-eabi
Configured with: ../gcc-4.7.2/configure --target=arm-none-eabi --prefix=/home/yagarto/install --disable-shared --disable-nls --disable-threads --disable-libssp --disable-libstdcxx-pch --disable-libmudflap --disable-libgomp -v --enable-languages=c,c++ --enable-interwork --enable-multilib --with-gcc --with-gnu-ld --with-gnu-as --with-dwarf2 --with-newlib --with-headers=../newlib-1.20.0/newlib/libc/include --with-mpc=/home/yagarto/addontools --with-mpfr=/home/yagarto/addontools --with-gmp=/home/yagarto/addontools

Thread model: single
Allocating common symbols
gcc version 4.7.2 (GCC) 
Common symbol       size              file
COMPILER_PATH=c:/yagarto-20121222/bin/../libexec/gcc/arm-none-eabi/4.7.2/;c:/yagarto-20121222/bin/../libexec/gcc/;c:/yagarto-20121222/bin/../lib/gcc/arm-none-eabi/4.7.2/../../../../arm-none-eabi/bin/

LIBRARY_PATH=c:/yagarto-20121222/bin/../lib/gcc/arm-none-eabi/4.7.2/;c:/yagarto-20121222/bin/../lib/gcc/;c:/yagarto-20121222/bin/../lib/gcc/arm-none-eabi/4.7.2/../../../../arm-none-eabi/lib/
uncomplen           0x4               ./zlibtest.o
COLLECT_GCC_OPTIONS='-T' '../memmap' '-nostartfiles' '-nodefaultlibs' '-nostdlib' '-v' '-mcpu=arm1176jzf-s' '-o' 'zlib.elf'
uncompressed        0x2710            ./zlibtest.o
 c:/yagarto-20121222/bin/../libexec/gcc/arm-none-eabi/4.7.2/collect2.exe -X -o zlib.elf -Lc:/yagarto-20121222/bin/../lib/gcc/arm-none-eabi/4.7.2 -Lc:/yagarto-20121222/bin/../lib/gcc -Lc:/yagarto-20121222/bin/../lib/gcc/arm-none-eabi/4.7.2/../../../../arm-none-eabi/lib -Map zlib.map --cref --print-map ./_vectors.o ./adler32.o ./compress.o ./crc32.o ./deflate.o ./inffast.o ./inflate.o ./inftrees.o ./trees.o ./uart.o ./uncompr.o ./zlibtest.o ./zutil.o -T ../memmap
heap_offset         0x4               ./zlibtest.o
compressed          0x2710            ./zlibtest.o
complen             0x4               ./zlibtest.o

Memory Configuration

Name             Origin             Length             Attributes
ram              0x00000000         0x00080000
*default*        0x00000000         0xffffffff

Linker script and memory map

LOAD ./_vectors.o
LOAD ./adler32.o
LOAD ./compress.o
LOAD ./crc32.o
LOAD ./deflate.o
LOAD ./inffast.o
LOAD ./inflate.o
LOAD ./inftrees.o
LOAD ./trees.o
LOAD ./uart.o
LOAD ./uncompr.o
LOAD ./zlibtest.o
LOAD ./zutil.o

.text           0x00000000     0xae4c
 *(.text*)
 .text          0x00000000       0x44 ./_vectors.o
                0x00000000                _start
                0x0000002c                PUT32
                0x00000034                GET32
                0x0000003c                dummy
                0x00000040                memset
 .text          0x00000044      0x4d0 ./adler32.o
                0x00000044                adler32
                0x0000038c                adler32_combine
                0x00000450                adler32_combine64
 .text          0x00000514      0x144 ./compress.o
                0x00000514                compress2
                0x000005ac                compress
                0x00000644                compressBound
 .text          0x00000658      0x364 ./crc32.o
                0x0000087c                get_crc_table
                0x00000888                crc32
                0x000009b4                crc32_combine
                0x000009b8                crc32_combine64
 .text          0x000009bc     0x3c34 ./deflate.o
                0x00002118                deflateSetDictionary
                0x00002334                deflateResetKeep
                0x00002400                deflateReset
                0x00002568                deflateSetHeader
                0x0000259c                deflatePending
                0x000025ec                deflatePrime
                0x0000269c                deflateTune
                0x000026d4                deflateBound
                0x000027ec                deflate
                0x00003e0c                deflateParams
                0x00003f08                deflateEnd
                0x00003ff8                deflateInit2_
                0x000043ec                deflateInit_
                0x00004420                deflateCopy
 .text          0x000045f0      0xa94 ./inffast.o
                0x000045f0                inflate_fast
 .text          0x00005084     0x28a0 ./inflate.o
                0x000051cc                inflateResetKeep
                0x0000525c                inflateReset
                0x000052f8                inflateReset2
                0x0000541c                inflateInit2_
                0x00005500                inflateInit_
                0x000055e0                inflatePrime
                0x00005650                inflate
                0x000072e8                inflateEnd
                0x00007348                inflateSetDictionary
                0x00007410                inflateGetHeader
                0x0000744c                inflateSync
                0x000076ec                inflateSyncPoint
                0x0000772c                inflateCopy
                0x00007890                inflateUndermine
                0x000078c0                inflateMark
 .text          0x00007924      0x804 ./inftrees.o
                0x00007924                inflate_table
 .text          0x00008128     0x265c ./trees.o
                0x00009700                _tr_init
                0x000097f0                _tr_stored_block
                0x00009970                _tr_flush_bits
                0x00009a10                _tr_align
                0x00009b98                _tr_flush_block
                0x0000a6a0                _tr_tally
 .text          0x0000a784      0x254 ./uart.o
                0x0000a784                uart_putc
                0x0000a7b4                hexstrings
                0x0000a824                hexstring
                0x0000a8cc                uart_init
 .text          0x0000a9d8       0xb0 ./uncompr.o
                0x0000a9d8                uncompress
 .text          0x0000aa88      0x38c ./zlibtest.o
                0x0000aa88                ZMEMCPY
                0x0000ab2c                ZMEMSET
                0x0000abe0                ZMALLOC
                0x0000ac04                ZCALLOC
                0x0000acd0                free
                0x0000acd4                notmain
 .text          0x0000ae14       0x38 ./zutil.o
                0x0000ae14                zlibVersion
                0x0000ae20                zlibCompileFlags
                0x0000ae28                zError
                0x0000ae3c                zcalloc
                0x0000ae44                zcfree

.rodata.str1.4  0x0000ae4c      0x270
 .rodata.str1.4
                0x0000ae4c        0x6 ./compress.o
                                  0x8 (size before relaxing)
 *fill*         0x0000ae52        0x2 
 .rodata.str1.4
                0x0000ae54       0x54 ./inffast.o
 .rodata.str1.4
                0x0000aea8      0x193 ./inflate.o
                                0x1e8 (size before relaxing)
 .rodata.str1.4
                0x00000000        0x8 ./uncompr.o
 *fill*         0x0000b03b        0x1 
 .rodata.str1.4
                0x0000b03c       0x80 ./zutil.o
                                 0x8c (size before relaxing)

.rodata         0x0000b0bc     0x3ffc
 .rodata        0x0000b0bc      0x400 ./crc32.o
 .rodata        0x0000b4bc       0xbc ./deflate.o
                0x0000b534                deflate_copyright
 .rodata        0x0000b578      0x8a8 ./inflate.o
 .rodata        0x0000be20      0x130 ./inftrees.o
                0x0000bf20                inflate_copyright
 .rodata        0x0000bf50      0xa30 ./trees.o
                0x0000bf50                _length_code
                0x0000c138                _dist_code
 .rodata        0x0000c980     0x2710 ./zlibtest.o
                0x0000c980                testdata
 .rodata        0x0000f090       0x28 ./zutil.o
                0x0000f090                z_errmsg

.data           0x0000f0b8       0x3c
 .data          0x0000f0b8        0x0 ./_vectors.o
 .data          0x0000f0b8        0x0 ./adler32.o
 .data          0x0000f0b8        0x0 ./compress.o
 .data          0x0000f0b8        0x0 ./crc32.o
 .data          0x0000f0b8        0x0 ./deflate.o
 .data          0x0000f0b8        0x0 ./inffast.o
 .data          0x0000f0b8        0x0 ./inflate.o
 .data          0x0000f0b8        0x0 ./inftrees.o
 .data          0x0000f0b8       0x3c ./trees.o
 .data          0x0000f0f4        0x0 ./uart.o
 .data          0x0000f0f4        0x0 ./uncompr.o
 .data          0x0000f0f4        0x0 ./zlibtest.o
 .data          0x0000f0f4        0x0 ./zutil.o

.igot.plt       0x0000f0f4        0x0
 .igot.plt      0x00000000        0x0 ./_vectors.o

.glue_7         0x0000f0f4        0x0
 .glue_7        0x00000000        0x0 linker stubs

.glue_7t        0x0000f0f4        0x0
 .glue_7t       0x00000000        0x0 linker stubs

.vfp11_veneer   0x0000f0f4        0x0
 .vfp11_veneer  0x00000000        0x0 linker stubs

.v4_bx          0x0000f0f4        0x0
 .v4_bx         0x00000000        0x0 linker stubs

.iplt           0x0000f0f4        0x0
 .iplt          0x00000000        0x0 ./_vectors.o

.rel.dyn        0x0000f0f4        0x0
 .rel.iplt      0x00000000        0x0 ./_vectors.o

.bss            0x0000f0f4     0x4e2c
 *(.bss*)
 .bss           0x0000f0f4        0x0 ./_vectors.o
 .bss           0x0000f0f4        0x0 ./adler32.o
 .bss           0x0000f0f4        0x0 ./compress.o
 .bss           0x0000f0f4        0x0 ./crc32.o
 .bss           0x0000f0f4        0x0 ./deflate.o
 .bss           0x0000f0f4        0x0 ./inffast.o
 .bss           0x0000f0f4        0x0 ./inflate.o
 .bss           0x0000f0f4        0x0 ./inftrees.o
 .bss           0x0000f0f4        0x0 ./trees.o
 .bss           0x0000f0f4        0x0 ./uart.o
 .bss           0x0000f0f4        0x0 ./uncompr.o
 .bss           0x0000f0f4        0x0 ./zlibtest.o
 .bss           0x0000f0f4        0x0 ./zutil.o
 COMMON         0x0000f0f4     0x4e2c ./zlibtest.o
                0x0000f0f4                uncomplen
                0x0000f0f8                uncompressed
                0x00011808                heap_offset
                0x0001180c                compressed
                0x00013f1c                complen
OUTPUT(zlib.elf elf32-littlearm)

.ARM.attributes
                0x00000000       0x34
 .ARM.attributes
                0x00000000       0x26 ./_vectors.o
 .ARM.attributes
                0x00000026       0x38 ./adler32.o
 .ARM.attributes
                0x0000005e       0x38 ./compress.o
 .ARM.attributes
                0x00000096       0x38 ./crc32.o
 .ARM.attributes
                0x000000ce       0x38 ./deflate.o
 .ARM.attributes
                0x00000106       0x38 ./inffast.o
 .ARM.attributes
                0x0000013e       0x38 ./inflate.o
 .ARM.attributes
                0x00000176       0x38 ./inftrees.o
 .ARM.attributes
                0x000001ae       0x38 ./trees.o
 .ARM.attributes
                0x000001e6       0x38 ./uart.o
 .ARM.attributes
                0x0000021e       0x38 ./uncompr.o
 .ARM.attributes
                0x00000256       0x38 ./zlibtest.o
 .ARM.attributes
                0x0000028e       0x38 ./zutil.o

.comment        0x00000000       0x11
 .comment       0x00000000       0x11 ./adler32.o
                                 0x12 (size before relaxing)
 .comment       0x00000000       0x12 ./compress.o
 .comment       0x00000000       0x12 ./crc32.o
 .comment       0x00000000       0x12 ./deflate.o
 .comment       0x00000000       0x12 ./inffast.o
 .comment       0x00000000       0x12 ./inflate.o
 .comment       0x00000000       0x12 ./inftrees.o
 .comment       0x00000000       0x12 ./trees.o
 .comment       0x00000000       0x12 ./uart.o
 .comment       0x00000000       0x12 ./uncompr.o
 .comment       0x00000000       0x12 ./zlibtest.o
 .comment       0x00000000       0x12 ./zutil.o

Cross Reference Table

Symbol                                            File
GET32                                             ./_vectors.o
                                                  ./zlibtest.o
                                                  ./uart.o
PUT32                                             ./_vectors.o
                                                  ./zlibtest.o
                                                  ./uart.o
ZCALLOC                                           ./zlibtest.o
ZMALLOC                                           ./zlibtest.o
                                                  ./zutil.o
ZMEMCPY                                           ./zlibtest.o
                                                  ./inflate.o
                                                  ./deflate.o
ZMEMSET                                           ./zlibtest.o
                                                  ./deflate.o
                                                  ./_vectors.o
_dist_code                                        ./trees.o
                                                  ./deflate.o
_length_code                                      ./trees.o
                                                  ./deflate.o
_start                                            ./_vectors.o
_tr_align                                         ./trees.o
                                                  ./deflate.o
_tr_flush_bits                                    ./trees.o
                                                  ./deflate.o
_tr_flush_block                                   ./trees.o
                                                  ./deflate.o
_tr_init                                          ./trees.o
                                                  ./deflate.o
_tr_stored_block                                  ./trees.o
                                                  ./deflate.o
_tr_tally                                         ./trees.o
adler32                                           ./adler32.o
                                                  ./inflate.o
                                                  ./deflate.o
adler32_combine                                   ./adler32.o
adler32_combine64                                 ./adler32.o
complen                                           ./zlibtest.o
compress                                          ./compress.o
                                                  ./zlibtest.o
compress2                                         ./compress.o
compressBound                                     ./compress.o
compressed                                        ./zlibtest.o
crc32                                             ./crc32.o
                                                  ./inflate.o
                                                  ./deflate.o
crc32_combine                                     ./crc32.o
crc32_combine64                                   ./crc32.o
deflate                                           ./deflate.o
                                                  ./compress.o
deflateBound                                      ./deflate.o
deflateCopy                                       ./deflate.o
deflateEnd                                        ./deflate.o
                                                  ./compress.o
deflateInit2_                                     ./deflate.o
deflateInit_                                      ./deflate.o
                                                  ./compress.o
deflateParams                                     ./deflate.o
deflatePending                                    ./deflate.o
deflatePrime                                      ./deflate.o
deflateReset                                      ./deflate.o
deflateResetKeep                                  ./deflate.o
deflateSetDictionary                              ./deflate.o
deflateSetHeader                                  ./deflate.o
deflateTune                                       ./deflate.o
deflate_copyright                                 ./deflate.o
dummy                                             ./_vectors.o
                                                  ./uart.o
free                                              ./zlibtest.o
                                                  ./zutil.o
get_crc_table                                     ./crc32.o
heap_offset                                       ./zlibtest.o
hexstring                                         ./uart.o
                                                  ./zlibtest.o
hexstrings                                        ./uart.o
inflate                                           ./inflate.o
                                                  ./uncompr.o
inflateCopy                                       ./inflate.o
inflateEnd                                        ./inflate.o
                                                  ./uncompr.o
inflateGetHeader                                  ./inflate.o
inflateInit2_                                     ./inflate.o
inflateInit_                                      ./inflate.o
                                                  ./uncompr.o
inflateMark                                       ./inflate.o
inflatePrime                                      ./inflate.o
inflateReset                                      ./inflate.o
inflateReset2                                     ./inflate.o
inflateResetKeep                                  ./inflate.o
inflateSetDictionary                              ./inflate.o
inflateSync                                       ./inflate.o
inflateSyncPoint                                  ./inflate.o
inflateUndermine                                  ./inflate.o
inflate_copyright                                 ./inftrees.o
inflate_fast                                      ./inffast.o
                                                  ./inflate.o
inflate_table                                     ./inftrees.o
                                                  ./inflate.o
memset                                            ./_vectors.o
notmain                                           ./zlibtest.o
                                                  ./_vectors.o
testdata                                          ./zlibtest.o
uart_init                                         ./uart.o
                                                  ./zlibtest.o
uart_putc                                         ./uart.o
uncomplen                                         ./zlibtest.o
uncompress                                        ./uncompr.o
                                                  ./zlibtest.o
uncompressed                                      ./zlibtest.o
zError                                            ./zutil.o
z_errmsg                                          ./zutil.o
                                                  ./deflate.o
zcalloc                                           ./zutil.o
                                                  ./inflate.o
                                                  ./deflate.o
zcfree                                            ./zutil.o
                                                  ./inflate.o
                                                  ./deflate.o
zlibCompileFlags                                  ./zutil.o
zlibVersion                                       ./zutil.o
Finished building target: zlib.elf
 
Invoking: ARM Yagarto Windows GNU Create Flash Image
arm-none-eabi-objcopy -O binary zlib.elf  "zlib.hex"
Finished building: zlib.hex
 
Invoking: ARM Yagarto Windows GNU Create Listing
arm-none-eabi-objdump -h -S zlib.elf > "zlib.lst"
Finished building: zlib.lst
 
Invoking: ARM Yagarto Windows GNU Print Size
arm-none-eabi-size  --format=berkeley zlib.elf
   text	   data	    bss	    dec	    hex	filename
  61624	     60	  20012	  81696	  13f20	zlib.elf
Finished building: zlib.siz
 

17:04:31 Build Finished (took 12s.635ms)

